Component: ARM Compiler 5.05 update 1 (build 106) Tool: armlink [4d0efa]

==============================================================================

Section Cross References

    startup_stm32f427xx.o(RESET) refers to startup_stm32f427xx.o(STACK) for __initial_sp
    startup_stm32f427xx.o(RESET) refers to startup_stm32f427xx.o(.text) for Reset_Handler
    startup_stm32f427xx.o(RESET) refers to stm32f4xx_it.o(i.NMI_Handler) for NMI_Handler
    startup_stm32f427xx.o(RESET) refers to stm32f4xx_it.o(i.HardFault_Handler) for HardFault_Handler
    startup_stm32f427xx.o(RESET) refers to stm32f4xx_it.o(i.MemManage_Handler) for MemManage_Handler
    startup_stm32f427xx.o(RESET) refers to stm32f4xx_it.o(i.BusFault_Handler) for BusFault_Handler
    startup_stm32f427xx.o(RESET) refers to stm32f4xx_it.o(i.UsageFault_Handler) for UsageFault_Handler
    startup_stm32f427xx.o(RESET) refers to port.o(.emb_text) for SVC_Handler
    startup_stm32f427xx.o(RESET) refers to stm32f4xx_it.o(i.DebugMon_Handler) for DebugMon_Handler
    startup_stm32f427xx.o(RESET) refers to stm32f4xx_it.o(i.SysTick_Handler) for SysTick_Handler
    startup_stm32f427xx.o(RESET) refers to stm32f4xx_it.o(i.DMA1_Stream3_IRQHandler) for DMA1_Stream3_IRQHandler
    startup_stm32f427xx.o(RESET) refers to stm32f4xx_it.o(i.DMA1_Stream6_IRQHandler) for DMA1_Stream6_IRQHandler
    startup_stm32f427xx.o(RESET) refers to stm32f4xx_it.o(i.CAN1_TX_IRQHandler) for CAN1_TX_IRQHandler
    startup_stm32f427xx.o(RESET) refers to stm32f4xx_it.o(i.CAN1_RX0_IRQHandler) for CAN1_RX0_IRQHandler
    startup_stm32f427xx.o(RESET) refers to stm32f4xx_it.o(i.UART7_IRQHandler) for UART7_IRQHandler
    startup_stm32f427xx.o(RESET) refers to stm32f4xx_it.o(i.UART8_IRQHandler) for UART8_IRQHandler
    startup_stm32f427xx.o(.text) refers to system_stm32f4xx.o(i.SystemInit) for SystemInit
    startup_stm32f427xx.o(.text) refers to entry.o(.ARM.Collect$$$$00000000) for __main
    bsp_adc.o(i.Get_Adc1) refers to stm32f4xx_hal_adc.o(i.HAL_ADC_Start) for HAL_ADC_Start
    bsp_adc.o(i.Get_Adc1) refers to stm32f4xx_hal_adc.o(i.HAL_ADC_PollForConversion) for HAL_ADC_PollForConversion
    bsp_adc.o(i.Get_Adc1) refers to stm32f4xx_hal_adc.o(i.HAL_ADC_GetState) for HAL_ADC_GetState
    bsp_adc.o(i.Get_Adc1) refers to stm32f4xx_hal_adc.o(i.HAL_ADC_GetValue) for HAL_ADC_GetValue
    bsp_adc.o(i.Get_Adc1) refers to adc.o(.bss) for hadc1
    bsp_adc.o(i.Get_Adc1_Average) refers to bsp_adc.o(i.Get_Adc1) for Get_Adc1
    bsp_adc.o(i.Get_Adc1_Average) refers to cmsis_os.o(i.osDelay) for osDelay
    bsp_adc.o(i.Get_Adc2) refers to stm32f4xx_hal_adc.o(i.HAL_ADC_Start) for HAL_ADC_Start
    bsp_adc.o(i.Get_Adc2) refers to stm32f4xx_hal_adc.o(i.HAL_ADC_PollForConversion) for HAL_ADC_PollForConversion
    bsp_adc.o(i.Get_Adc2) refers to stm32f4xx_hal_adc.o(i.HAL_ADC_GetState) for HAL_ADC_GetState
    bsp_adc.o(i.Get_Adc2) refers to stm32f4xx_hal_adc.o(i.HAL_ADC_GetValue) for HAL_ADC_GetValue
    bsp_adc.o(i.Get_Adc2) refers to adc.o(.bss) for hadc2
    bsp_adc.o(i.Get_Adc2_Average) refers to bsp_adc.o(i.Get_Adc2) for Get_Adc2
    bsp_adc.o(i.Get_Adc2_Average) refers to cmsis_os.o(i.osDelay) for osDelay
    bsp_can.o(i.HAL_CAN_RxFifo0MsgPendingCallback) refers to stm32f4xx_hal_can.o(i.HAL_CAN_GetRxMessage) for HAL_CAN_GetRxMessage
    bsp_can.o(i.HAL_CAN_RxFifo0MsgPendingCallback) refers to bsp_can.o(i.encoder_data_handle) for encoder_data_handle
    bsp_can.o(i.HAL_CAN_RxFifo0MsgPendingCallback) refers to can.o(.bss) for hcan1
    bsp_can.o(i.HAL_CAN_RxFifo0MsgPendingCallback) refers to bsp_can.o(.bss) for .bss
    bsp_can.o(i.can_device_init) refers to stm32f4xx_hal_can.o(i.HAL_CAN_ConfigFilter) for HAL_CAN_ConfigFilter
    bsp_can.o(i.can_device_init) refers to can.o(.bss) for hcan1
    bsp_can.o(i.can_receive_start) refers to stm32f4xx_hal_can.o(i.HAL_CAN_Start) for HAL_CAN_Start
    bsp_can.o(i.can_receive_start) refers to stm32f4xx_hal_can.o(i.HAL_CAN_ActivateNotification) for HAL_CAN_ActivateNotification
    bsp_can.o(i.can_receive_start) refers to can.o(.bss) for hcan1
    bsp_can.o(i.send_gimbal_cur) refers to stm32f4xx_hal_can.o(i.HAL_CAN_AddTxMessage) for HAL_CAN_AddTxMessage
    bsp_can.o(i.send_gimbal_cur) refers to bsp_can.o(.bss) for .bss
    bsp_can.o(i.send_gimbal_cur) refers to bsp_can.o(.data) for .data
    bsp_can.o(i.send_gimbal_cur) refers to can.o(.bss) for hcan1
    bsp_uart.o(i.UART_RX_IDLE_IRQ) refers to stm32f4xx_hal_uart.o(i.HAL_UART_DMAStop) for HAL_UART_DMAStop
    bsp_uart.o(i.UART_RX_IDLE_IRQ) refers to stm32f4xx_hal_uart.o(i.HAL_UART_Receive_DMA) for HAL_UART_Receive_DMA
    bsp_uart.o(i.UART_RX_IDLE_IRQ) refers to usart.o(.bss) for huart8
    bsp_uart.o(i.UART_RX_IDLE_IRQ) refers to bsp_uart.o(.bss) for .bss
    bsp_uart.o(i.uart7_device_init) refers to stm32f4xx_hal_dma.o(i.HAL_DMA_Start_IT) for HAL_DMA_Start_IT
    bsp_uart.o(i.uart7_device_init) refers to stm32f4xx_hal_uart.o(i.HAL_UART_Receive_DMA) for HAL_UART_Receive_DMA
[...]
    .bss                                     0x200002d0   Section       52  pid.o(.bss)
    .bss                                     0x20000304   Section       52  pid.o(.bss)
    .bss                                     0x20000338   Section     1104  stmgood.o(.bss)
    .bss                                     0x20000788   Section       88  mpu6500.o(.bss)
    .bss                                     0x200007e0   Section      232  main_task.o(.bss)
    .bss                                     0x200008c8   Section      144  adc.o(.bss)
    .bss                                     0x20000958   Section       40  can.o(.bss)
    .bss                                     0x20000980   Section       88  spi.o(.bss)
    .bss                                     0x200009d8   Section       64  tim.o(.bss)
    .bss                                     0x20000a18   Section      320  usart.o(.bss)
    .bss                                     0x20000b58   Section      240  tasks.o(.bss)
    pxReadyTasksLists                        0x20000b58   Data         140  tasks.o(.bss)
    xDelayedTaskList1                        0x20000be4   Data          20  tasks.o(.bss)
    xDelayedTaskList2                        0x20000bf8   Data          20  tasks.o(.bss)
    xPendingReadyList                        0x20000c0c   Data          20  tasks.o(.bss)
    xTasksWaitingTermination                 0x20000c20   Data          20  tasks.o(.bss)
    xSuspendedTaskList                       0x20000c34   Data          20  tasks.o(.bss)
    .bss                                     0x20000c48   Section    15360  heap_4.o(.bss)
    ucHeap                                   0x20000c48   Data       15360  heap_4.o(.bss)
    STACK                                    0x20004848   Section     1024  startup_stm32f427xx.o(STACK)

    Global Symbols

    Symbol Name                              Value     Ov Type        Size  Object(Section)

    BuildAttributes$$THM_ISAv4$E$P$D$K$B$S$7EM$VFPi3$EXTD16$VFPS$VFMA$PE$A:L22UL41UL21$X:L11$S22US41US21$IEEE1$IW$USESV6$~STKCKD$USESV7$~SHL$OTIME$ROPI$IEEEX$EBA8$MICROLIB$REQ8$PRES8$EABIv2 0x00000000   Number         0  anon$$obj.o ABSOLUTE
    __ARM_use_no_argv                        0x00000000   Number         0  main.o ABSOLUTE
    _printf_a                                0x00000000   Number         0  stubs.o ABSOLUTE
    _printf_c                                0x00000000   Number         0  stubs.o ABSOLUTE
    _printf_charcount                        0x00000000   Number         0  stubs.o ABSOLUTE
    _printf_d                                0x00000000   Number         0  stubs.o ABSOLUTE
    _printf_e                                0x00000000   Number         0  stubs.o ABSOLUTE
    _printf_f                                0x00000000   Number         0  stubs.o ABSOLUTE
    _printf_flags                            0x00000000   Number         0  stubs.o ABSOLUTE
    _printf_fp_dec                           0x00000000   Number         0  stubs.o ABSOLUTE
    _printf_fp_hex                           0x00000000   Number         0  stubs.o ABSOLUTE
    _printf_g                                0x00000000   Number         0  stubs.o ABSOLUTE
    _printf_i                                0x00000000   Number         0  stubs.o ABSOLUTE
    _printf_int_dec                          0x00000000   Number         0  stubs.o ABSOLUTE
    _printf_l                                0x00000000   Number         0  stubs.o ABSOLUTE
    _printf_lc                               0x00000000   Number         0  stubs.o ABSOLUTE
    _printf_ll                               0x00000000   Number         0  stubs.o ABSOLUTE
    _printf_lld                              0x00000000   Number         0  stubs.o ABSOLUTE
    _printf_lli                              0x00000000   Number         0  stubs.o ABSOLUTE
    _printf_llo                              0x00000000   Number         0  stubs.o ABSOLUTE
    _printf_llu                              0x00000000   Number         0  stubs.o ABSOLUTE
    _printf_llx                              0x00000000   Number         0  stubs.o ABSOLUTE
    _printf_longlong_dec                     0x00000000   Number         0  stubs.o ABSOLUTE
    _printf_longlong_hex                     0x00000000   Number         0  stubs.o ABSOLUTE
    _printf_longlong_oct                     0x00000000   Number         0  stubs.o ABSOLUTE
    _printf_ls                               0x00000000   Number         0  stubs.o ABSOLUTE
    _printf_mbtowc                           0x00000000   Number         0  stubs.o ABSOLUTE
    _printf_n                                0x00000000   Number         0  stubs.o ABSOLUTE
    _printf_o                                0x00000000   Number         0  stubs.o ABSOLUTE
    _printf_p                                0x00000000   Number         0  stubs.o ABSOLUTE
    _printf_percent                          0x00000000   Number         0  stubs.o ABSOLUTE
    _printf_pre_padding                      0x00000000   Number         0  stubs.o ABSOLUTE
    _printf_return_value                     0x00000000   Number         0  stubs.o ABSOLUTE
    _printf_s                                0x00000000   Number         0  stubs.o ABSOLUTE
    _printf_sizespec                         0x00000000   Number         0  stubs.o ABSOLUTE
    _printf_str                              0x00000000   Number         0  stubs.o ABSOLUTE
    _printf_truncate_signed                  0x00000000   Number         0  stubs.o ABSOLUTE
    _printf_truncate_unsigned                0x00000000   Number         0  stubs.o ABSOLUTE
    _printf_u                                0x00000000   Number         0  stubs.o ABSOLUTE
    _printf_wc                               0x00000000   Number         0  stubs.o ABSOLUTE
    _printf_wctomb                           0x00000000   Number         0  stubs.o ABSOLUTE
    _printf_widthprec                        0x00000000   Number         0  stubs.o ABSOLUTE
    _printf_x                                0x00000000   Number         0  stubs.o ABSOLUTE
    __cpp_initialize__aeabi_                  - Undefined Weak Reference
    __cxa_finalize                            - Undefined Weak Reference
    _clock_init                               - Undefined Weak Reference
    _microlib_exit                            - Undefined Weak Reference
    __Vectors_Size                           0x000001ac   Number         0  startup_stm32f427xx.o ABSOLUTE
    __Vectors                                0x08000000   Data           4  startup_stm32f427xx.o(RESET)
    __Vectors_End                            0x080001ac   Data           0  startup_stm32f427xx.o(RESET)
    __main                                   0x080001ad   Thumb Code     0  entry.o(.ARM.Collect$$$$00000000)
    _main_stk                                0x080001ad   Thumb Code     0  entry2.o(.ARM.Collect$$$$00000001)
    _main_scatterload                        0x080001b1   Thumb Code     0  entry5.o(.ARM.Collect$$$$00000004)
    __main_after_scatterload                 0x080001b5   Thumb Code     0  entry5.o(.ARM.Collect$$$$00000004)
    _main_clock                              0x080001b5   Thumb Code     0  entry7b.o(.ARM.Collect$$$$00000008)
    _main_cpp_init                           0x080001b5   Thumb Code     0  entry8b.o(.ARM.Collect$$$$0000000A)
    _main_init                               0x080001b5   Thumb Code     0  entry9a.o(.ARM.Collect$$$$0000000B)
    __rt_final_cpp                           0x080001bd   Thumb Code     0  entry10a.o(.ARM.Collect$$$$0000000D)
    __rt_final_exit                          0x080001bd   Thumb Code     0  entry11a.o(.ARM.Collect$$$$0000000F)
    SVC_Handler                              0x080001c1   Thumb Code    28  port.o(.emb_text)
    __asm___6_port_c_39a90d8d__prvStartFirstTask 0x080001e1   Thumb Code    36  port.o(.emb_text)
    __asm___6_port_c_39a90d8d__prvEnableVFP  0x08000209   Thumb Code    16  port.o(.emb_text)
    PendSV_Handler                           0x0800021d   Thumb Code    88  port.o(.emb_text)
    vPortGetIPSR                             0x08000279   Thumb Code     6  port.o(.emb_text)
    Reset_Handler                            0x08000281   Thumb Code     8  startup_stm32f427xx.o(.text)
    ADC_IRQHandler                           0x0800029b   Thumb Code     0  startup_stm32f427xx.o(.text)
    CAN1_RX1_IRQHandler                      0x0800029b   Thumb Code     0  startup_stm32f427xx.o(.text)
    CAN1_SCE_IRQHandler                      0x0800029b   Thumb Code     0  startup_stm32f427xx.o(.text)
    CAN2_RX0_IRQHandler                      0x0800029b   Thumb Code     0  startup_stm32f427xx.o(.text)
    CAN2_RX1_IRQHandler                      0x0800029b   Thumb Code     0  startup_stm32f427xx.o(.text)
    CAN2_SCE_IRQHandler                      0x0800029b   Thumb Code     0  startup_stm32f427xx.o(.text)
    CAN2_TX_IRQHandler                       0x0800029b   Thumb Code     0  startup_stm32f427xx.o(.text)
    DCMI_IRQHandler                          0x0800029b   Thumb Code     0  startup_stm32f427xx.o(.text)
    DMA1_Stream0_IRQHandler                  0x0800029b   Thumb Code     0  startup_stm32f427xx.o(.text)
    DMA1_Stream1_IRQHandler                  0x0800029b   Thumb Code     0  startup_stm32f427xx.o(.text)
    DMA1_Stream2_IRQHandler                  0x0800029b   Thumb Code     0  startup_stm32f427xx.o(.text)
    DMA1_Stream4_IRQHandler                  0x0800029b   Thumb Code     0  startup_stm32f427xx.o(.text)
    DMA1_Stream5_IRQHandler                  0x0800029b   Thumb Code     0  startup_stm32f427xx.o(.text)
    DMA1_Stream7_IRQHandler                  0x0800029b   Thumb Code     0  startup_stm32f427xx.o(.text)
    DMA2D_IRQHandler                         0x0800029b   Thumb Code     0  startup_stm32f427xx.o(.text)
    DMA2_Stream0_IRQHandler                  0x0800029b   Thumb Code     0  startup_stm32f427xx.o(.text)
    DMA2_Stream1_IRQHandler                  0x0800029b   Thumb Code     0  startup_stm32f427xx.o(.text)
    DMA2_Stream2_IRQHandler                  0x0800029b   Thumb Code     0  startup_stm32f427xx.o(.text)
    DMA2_Stream3_IRQHandler                  0x0800029b   Thumb Code     0  startup_stm32f427xx.o(.text)
    DMA2_Stream4_IRQHandler                  0x0800029b   Thumb Code     0  startup_stm32f427xx.o(.text)
    DMA2_Stream5_IRQHandler                  0x0800029b   Thumb Code     0  startup_stm32f427xx.o(.text)
    DMA2_Stream6_IRQHandler                  0x0800029b   Thumb Code     0  startup_stm32f427xx.o(.text)
    DMA2_Stream7_IRQHandler                  0x0800029b   Thumb Code     0  startup_stm32f427xx.o(.text)
    ETH_IRQHandler                           0x0800029b   Thumb Code     0  startup_stm32f427xx.o(.text)
    ETH_WKUP_IRQHandler                      0x0800029b   Thumb Code     0  startup_stm32f427xx.o(.text)
    EXTI0_IRQHandler                         0x0800029b   Thumb Code     0  startup_stm32f427xx.o(.text)
    EXTI15_10_IRQHandler                     0x0800029b   Thumb Code     0  startup_stm32f427xx.o(.text)
    EXTI1_IRQHandler                         0x0800029b   Thumb Code     0  startup_stm32f427xx.o(.text)
    EXTI2_IRQHandler                         0x0800029b   Thumb Code     0  startup_stm32f427xx.o(.text)
    EXTI3_IRQHandler                         0x0800029b   Thumb Code     0  startup_stm32f427xx.o(.text)
    EXTI4_IRQHandler                         0x0800029b   Thumb Code     0  startup_stm32f427xx.o(.text)
    EXTI9_5_IRQHandler                       0x0800029b   Thumb Code     0  startup_stm32f427xx.o(.text)
    FLASH_IRQHandler                         0x0800029b   Thumb Code     0  startup_stm32f427xx.o(.text)
    FMC_IRQHandler                           0x0800029b   Thumb Code     0  startup_stm32f427xx.o(.text)
    FPU_IRQHandler                           0x0800029b   Thumb Code     0  startup_stm32f427xx.o(.text)
    HASH_RNG_IRQHandler                      0x0800029b   Thumb Code     0  startup_stm32f427xx.o(.text)
    I2C1_ER_IRQHandler                       0x0800029b   Thumb Code     0  startup_stm32f427xx.o(.text)
    I2C1_EV_IRQHandler                       0x0800029b   Thumb Code     0  startup_stm32f427xx.o(.text)
    I2C2_ER_IRQHandler                       0x0800029b   Thumb Code     0  startup_stm32f427xx.o(.text)
    I2C2_EV_IRQHandler                       0x0800029b   Thumb Code     0  startup_stm32f427xx.o(.text)
    I2C3_ER_IRQHandler                       0x0800029b   Thumb Code     0  startup_stm32f427xx.o(.text)
    I2C3_EV_IRQHandler                       0x0800029b   Thumb Code     0  startup_stm32f427xx.o(.text)
    OTG_FS_IRQHandler                        0x0800029b   Thumb Code     0  startup_stm32f427xx.o(.text)
    OTG_FS_WKUP_IRQHandler                   0x0800029b   Thumb Code     0  startup_stm32f427xx.o(.text)
    OTG_HS_EP1_IN_IRQHandler                 0x0800029b   Thumb Code     0  startup_stm32f427xx.o(.text)
    OTG_HS_EP1_OUT_IRQHandler                0x0800029b   Thumb Code     0  startup_stm32f427xx.o(.text)
    OTG_HS_IRQHandler                        0x0800029b   Thumb Code     0  startup_stm32f427xx.o(.text)
    OTG_HS_WKUP_IRQHandler                   0x0800029b   Thumb Code     0  startup_stm32f427xx.o(.text)
    PVD_IRQHandler                           0x0800029b   Thumb Code     0  startup_stm32f427xx.o(.text)
    RCC_IRQHandler                           0x0800029b   Thumb Code     0  startup_stm32f427xx.o(.text)
    RTC_Alarm_IRQHandler                     0x0800029b   Thumb Code     0  startup_stm32f427xx.o(.text)
    RTC_WKUP_IRQHandler                      0x0800029b   Thumb Code     0  startup_stm32f427xx.o(.text)
    SAI1_IRQHandler                          0x0800029b   Thumb Code     0  startup_stm32f427xx.o(.text)
    SDIO_IRQHandler                          0x0800029b   Thumb Code     0  startup_stm32f427xx.o(.text)
    SPI1_IRQHandler                          0x0800029b   Thumb Code     0  startup_stm32f427xx.o(.text)
    SPI2_IRQHandler                          0x0800029b   Thumb Code     0  startup_stm32f427xx.o(.text)
    SPI3_IRQHandler                          0x0800029b   Thumb Code     0  startup_stm32f427xx.o(.text)
    SPI4_IRQHandler                          0x0800029b   Thumb Code     0  startup_stm32f427xx.o(.text)
    SPI5_IRQHandler                          0x0800029b   Thumb Code     0  startup_stm32f427xx.o(.text)
    SPI6_IRQHandler                          0x0800029b   Thumb Code     0  startup_stm32f427xx.o(.text)
    TAMP_STAMP_IRQHandler                    0x0800029b   Thumb Code     0  startup_stm32f427xx.o(.text)
    TIM1_BRK_TIM9_IRQHandler                 0x0800029b   Thumb Code     0  startup_stm32f427xx.o(.text)
    TIM1_CC_IRQHandler                       0x0800029b   Thumb Code     0  startup_stm32f427xx.o(.text)
    TIM1_TRG_COM_TIM11_IRQHandler            0x0800029b   Thumb Code     0  startup_stm32f427xx.o(.text)
    TIM1_UP_TIM10_IRQHandler                 0x0800029b   Thumb Code     0  startup_stm32f427xx.o(.text)
    TIM2_IRQHandler                          0x0800029b   Thumb Code     0  startup_stm32f427xx.o(.text)
    TIM3_IRQHandler                          0x0800029b   Thumb Code     0  startup_stm32f427xx.o(.text)
    TIM4_IRQHandler                          0x0800029b   Thumb Code     0  startup_stm32f427xx.o(.text)
    TIM5_IRQHandler                          0x0800029b   Thumb Code     0  startup_stm32f427xx.o(.text)
    TIM6_DAC_IRQHandler                      0x0800029b   Thumb Code     0  startup_stm32f427xx.o(.text)
    TIM7_IRQHandler                          0x0800029b   Thumb Code     0  startup_stm32f427xx.o(.text)
    TIM8_BRK_TIM12_IRQHandler                0x0800029b   Thumb Code     0  startup_stm32f427xx.o(.text)
    TIM8_CC_IRQHandler                       0x0800029b   Thumb Code     0  startup_stm32f427xx.o(.text)
    TIM8_TRG_COM_TIM14_IRQHandler            0x0800029b   Thumb Code     0  startup_stm32f427xx.o(.text)
    TIM8_UP_TIM13_IRQHandler                 0x0800029b   Thumb Code     0  startup_stm32f427xx.o(.text)
    UART4_IRQHandler                         0x0800029b   Thumb Code     0  startup_stm32f427xx.o(.text)
    UART5_IRQHandler                         0x0800029b   Thumb Code     0  startup_stm32f427xx.o(.text)
    USART1_IRQHandler                        0x0800029b   Thumb Code     0  startup_stm32f427xx.o(.text)
    USART2_IRQHandler                        0x0800029b   Thumb Code     0  startup_stm32f427xx.o(.text)
    USART3_IRQHandler                        0x0800029b   Thumb Code     0  startup_stm32f427xx.o(.text)
    USART6_IRQHandler                        0x0800029b   Thumb Code     0  startup_stm32f427xx.o(.text)
    WWDG_IRQHandler                          0x0800029b   Thumb Code     0  startup_stm32f427xx.o(.text)
    __aeabi_uldivmod                         0x080002a5   Thumb Code    98  uldiv.o(.text)
    abs                                      0x08000307   Thumb Code     8  siabs.o(.text)
    __aeabi_memcpy                           0x0800030f   Thumb Code    36  memcpya.o(.text)
    __aeabi_memcpy4                          0x0800030f   Thumb Code     0  memcpya.o(.text)
    __aeabi_memcpy8                          0x0800030f   Thumb Code     0  memcpya.o(.text)
    __aeabi_memset                           0x08000333   Thumb Code    14  memseta.o(.text)
    __aeabi_memset4                          0x08000333   Thumb Code     0  memseta.o(.text)
    __aeabi_memset8                          0x08000333   Thumb Code     0  memseta.o(.text)
    __aeabi_memclr                           0x08000341   Thumb Code     4  memseta.o(.text)
    __aeabi_memclr4                          0x08000341   Thumb Code     0  memseta.o(.text)
    __aeabi_memclr8                          0x08000341   Thumb Code     0  memseta.o(.text)
    memset                                   0x08000345   Thumb Code    18  memseta.o(.text)
    __aeabi_dadd                             0x08000357   Thumb Code   322  dadd.o(.text)
    __aeabi_dsub                             0x08000499   Thumb Code     6  dadd.o(.text)
    __aeabi_drsub                            0x0800049f   Thumb Code     6  dadd.o(.text)
    __aeabi_dmul                             0x080004a5   Thumb Code   228  dmul.o(.text)
    __aeabi_ddiv                             0x08000589   Thumb Code   222  ddiv.o(.text)
    __aeabi_i2d                              0x08000667   Thumb Code    34  dflti.o(.text)
    __aeabi_d2iz                             0x08000689   Thumb Code    62  dfixi.o(.text)
    __aeabi_f2d                              0x080006c7   Thumb Code    38  f2d.o(.text)
    __aeabi_d2f                              0x080006ed   Thumb Code    56  d2f.o(.text)
    __aeabi_uidiv                            0x08000725   Thumb Code     0  uidiv.o(.text)
    __aeabi_uidivmod                         0x08000725   Thumb Code    44  uidiv.o(.text)
    __aeabi_llsl                             0x08000751   Thumb Code    30  llshl.o(.text)
    _ll_shift_l                              0x08000751   Thumb Code     0  llshl.o(.text)
    __aeabi_llsr                             0x0800076f   Thumb Code    32  llushr.o(.text)
    _ll_ushift_r                             0x0800076f   Thumb Code     0  llushr.o(.text)
    __aeabi_lasr                             0x0800078f   Thumb Code    36  llsshr.o(.text)
    _ll_sshift_r                             0x0800078f   Thumb Code     0  llsshr.o(.text)
    __I$use$fp                               0x080007b3   Thumb Code     0  iusefp.o(.text)
    _float_round                             0x080007b3   Thumb Code    18  fepilogue.o(.text)
    _float_epilogue                          0x080007c5   Thumb Code    92  fepilogue.o(.text)
    _double_round                            0x08000821   Thumb Code    30  depilogue.o(.text)
    _double_epilogue                         0x0800083f   Thumb Code   156  depilogue.o(.text)
    _dsqrt                                   0x080008db   Thumb Code   162  dsqrt.o(.text)
    __aeabi_d2ulz                            0x0800097d   Thumb Code    48  dfixul.o(.text)
    __aeabi_cdrcmple                         0x080009ad   Thumb Code    48  cdrcmple.o(.text)
    __scatterload                            0x080009dd   Thumb Code    28  init.o(.text)
    __scatterload_rt2                        0x080009dd   Thumb Code     0  init.o(.text)
    __aeabi_ui2d                             0x08000a01   Thumb Code    26  dfltui.o(.text)
    __decompress                             0x08000a1b   Thumb Code     0  __dczerorl.o(.text)
    __decompress0                            0x08000a1b   Thumb Code    58  __dczerorl.o(.text)
    Append_CRC8_Check_Sum                    0x08000b7d   Thumb Code    28  crc_check.o(i.Append_CRC8_Check_Sum)
    BusFault_Handler                         0x08000b99   Thumb Code     2  stm32f4xx_it.o(i.BusFault_Handler)
    CAN1_RX0_IRQHandler                      0x08000b9d   Thumb Code     6  stm32f4xx_it.o(i.CAN1_RX0_IRQHandler)
    CAN1_TX_IRQHandler                       0x08000ba9   Thumb Code     6  stm32f4xx_it.o(i.CAN1_TX_IRQHandler)
    Command                                  0x08000bb5   Thumb Code   408  stmgood.o(i.Command)
    CompStr                                  0x08000dcd   Thumb Code    48  stmgood.o(i.CompStr)
    CopyStr                                  0x08000dfd   Thumb Code    22  stmgood.o(i.CopyStr)
    DMA1_Stream3_IRQHandler                  0x08000e15   Thumb Code    16  stm32f4xx_it.o(i.DMA1_Stream3_IRQHandler)
    DMA1_Stream6_IRQHandler                  0x08000e29   Thumb Code    28  stm32f4xx_it.o(i.DMA1_Stream6_IRQHandler)
    DealStr                                  0x08000ef5   Thumb Code   128  stmgood.o(i.DealStr)
    Dealdata                                 0x08000f7d   Thumb Code   134  stmgood.o(i.Dealdata)
    DebugMon_Handler                         0x0800100d   Thumb Code     2  stm32f4xx_it.o(i.DebugMon_Handler)
    Error_Handler                            0x0800100f   Thumb Code     2  main.o(i.Error_Handler)
    FirstSpace                               0x08001011   Thumb Code    24  stmgood.o(i.FirstSpace)
    FlAG_CLEAR_HANDLE                        0x08001029   Thumb Code    46  main_task.o(i.FlAG_CLEAR_HANDLE)
    Get_Adc1                                 0x08001065   Thumb Code    38  bsp_adc.o(i.Get_Adc1)
    Get_Adc1_Average                         0x08001091   Thumb Code    38  bsp_adc.o(i.Get_Adc1_Average)
    Get_Adc2                                 0x080010b9   Thumb Code    38  bsp_adc.o(i.Get_Adc2)
    Get_Adc2_Average                         0x080010e5   Thumb Code    38  bsp_adc.o(i.Get_Adc2_Average)
    Get_CRC8_Check_Sum                       0x0800110d   Thumb Code    24  crc_check.o(i.Get_CRC8_Check_Sum)
    HAL_ADC_ConfigChannel                    0x08001129   Thumb Code   334  stm32f4xx_hal_adc.o(i.HAL_ADC_ConfigChannel)
    HAL_ADC_GetState                         0x0800128d   Thumb Code     4  stm32f4xx_hal_adc.o(i.HAL_ADC_GetState)
    HAL_ADC_GetValue                         0x08001291   Thumb Code     6  stm32f4xx_hal_adc.o(i.HAL_ADC_GetValue)
    HAL_ADC_Init                             0x08001297   Thumb Code    84  stm32f4xx_hal_adc.o(i.HAL_ADC_Init)
    HAL_ADC_MspInit                          0x080012ed   Thumb Code   126  adc.o(i.HAL_ADC_MspInit)
    HAL_ADC_PollForConversion                0x0800137d   Thumb Code   162  stm32f4xx_hal_adc.o(i.HAL_ADC_PollForConversion)
    HAL_ADC_Start                            0x08001421   Thumb Code   210  stm32f4xx_hal_adc.o(i.HAL_ADC_Start)
    HAL_CAN_ActivateNotification             0x0800150d   Thumb Code    36  stm32f4xx_hal_can.o(i.HAL_CAN_ActivateNotification)
    HAL_CAN_AddTxMessage                     0x08001531   Thumb Code   200  stm32f4xx_hal_can.o(i.HAL_CAN_AddTxMessage)
    HAL_CAN_ConfigFilter                     0x080015f9   Thumb Code   262  stm32f4xx_hal_can.o(i.HAL_CAN_ConfigFilter)
    HAL_CAN_ErrorCallback                    0x08001705   Thumb Code     2  stm32f4xx_hal_can.o(i.HAL_CAN_ErrorCallback)
    HAL_CAN_GetRxMessage                     0x08001707   Thumb Code   232  stm32f4xx_hal_can.o(i.HAL_CAN_GetRxMessage)
    HAL_CAN_IRQHandler                       0x080017ef   Thumb Code   508  stm32f4xx_hal_can.o(i.HAL_CAN_IRQHandler)
    HAL_CAN_Init                             0x080019eb   Thumb Code   282  stm32f4xx_hal_can.o(i.HAL_CAN_Init)
    HAL_CAN_MspInit                          0x08001b05   Thumb Code   122  can.o(i.HAL_CAN_MspInit)
    HAL_CAN_RxFifo0FullCallback              0x08001b8d   Thumb Code     2  stm32f4xx_hal_can.o(i.HAL_CAN_RxFifo0FullCallback)
    HAL_CAN_RxFifo0MsgPendingCallback        0x08001b91   Thumb Code    90  bsp_can.o(i.HAL_CAN_RxFifo0MsgPendingCallback)
    HAL_CAN_RxFifo1FullCallback              0x08001bf9   Thumb Code     2  stm32f4xx_hal_can.o(i.HAL_CAN_RxFifo1FullCallback)
    HAL_CAN_RxFifo1MsgPendingCallback        0x08001bfb   Thumb Code     2  stm32f4xx_hal_can.o(i.HAL_CAN_RxFifo1MsgPendingCallback)
    HAL_CAN_SleepCallback                    0x08001bfd   Thumb Code     2  stm32f4xx_hal_can.o(i.HAL_CAN_SleepCallback)
    HAL_CAN_Start                            0x08001c01   Thumb Code    88  stm32f4xx_hal_can.o(i.HAL_CAN_Start)
    HAL_CAN_TxMailbox0AbortCallback          0x08001c59   Thumb Code     2  stm32f4xx_hal_can.o(i.HAL_CAN_TxMailbox0AbortCallback)
    HAL_CAN_TxMailbox0CompleteCallback       0x08001c5b   Thumb Code     2  stm32f4xx_hal_can.o(i.HAL_CAN_TxMailbox0CompleteCallback)
    HAL_CAN_TxMailbox1AbortCallback          0x08001c5d   Thumb Code     2  stm32f4xx_hal_can.o(i.HAL_CAN_TxMailbox1AbortCallback)
    HAL_CAN_TxMailbox1CompleteCallback       0x08001c5f   Thumb Code     2  stm32f4xx_hal_can.o(i.HAL_CAN_TxMailbox1CompleteCallback)
    HAL_CAN_TxMailbox2AbortCallback          0x08001c61   Thumb Code     2  stm32f4xx_hal_can.o(i.HAL_CAN_TxMailbox2AbortCallback)
    HAL_CAN_TxMailbox2CompleteCallback       0x08001c63   Thumb Code     2  stm32f4xx_hal_can.o(i.HAL_CAN_TxMailbox2CompleteCallback)
    HAL_CAN_WakeUpFromRxMsgCallback          0x08001c65   Thumb Code     2  stm32f4xx_hal_can.o(i.HAL_CAN_WakeUpFromRxMsgCallback)
    HAL_DMA_Abort                            0x08001c67   Thumb Code   142  stm32f4xx_hal_dma.o(i.HAL_DMA_Abort)
    HAL_DMA_IRQHandler                       0x08001cf5   Thumb Code   412  stm32f4xx_hal_dma.o(i.HAL_DMA_IRQHandler)
    HAL_DMA_Init                             0x08001e95   Thumb Code   206  stm32f4xx_hal_dma.o(i.HAL_DMA_Init)
    HAL_DMA_Start_IT                         0x08001f69   Thumb Code   120  stm32f4xx_hal_dma.o(i.HAL_DMA_Start_IT)
    HAL_Delay                                0x08001fe1   Thumb Code    32  stm32f4xx_hal.o(i.HAL_Delay)
    HAL_GPIO_Init                            0x08002005   Thumb Code   408  stm32f4xx_hal_gpio.o(i.HAL_GPIO_Init)
    HAL_GPIO_TogglePin                       0x080021d1   Thumb Code    14  stm32f4xx_hal_gpio.o(i.HAL_GPIO_TogglePin)
    HAL_GPIO_WritePin                        0x080021df   Thumb Code    10  stm32f4xx_hal_gpio.o(i.HAL_GPIO_WritePin)
    HAL_GetTick                              0x080021e9   Thumb Code     6  stm32f4xx_hal.o(i.HAL_GetTick)
    HAL_IncTick                              0x080021f5   Thumb Code    12  stm32f4xx_hal.o(i.HAL_IncTick)
    HAL_Init                                 0x08002205   Thumb Code    48  stm32f4xx_hal.o(i.HAL_Init)
    HAL_InitTick                             0x08002239   Thumb Code    54  stm32f4xx_hal.o(i.HAL_InitTick)
    HAL_MspInit                              0x08002279   Thumb Code    52  stm32f4xx_hal_msp.o(i.HAL_MspInit)
    HAL_NVIC_EnableIRQ                       0x080022b1   Thumb Code    26  stm32f4xx_hal_cortex.o(i.HAL_NVIC_EnableIRQ)
    HAL_NVIC_SetPriority                     0x080022cd   Thumb Code    60  stm32f4xx_hal_cortex.o(i.HAL_NVIC_SetPriority)
    HAL_NVIC_SetPriorityGrouping             0x0800230d   Thumb Code    26  stm32f4xx_hal_cortex.o(i.HAL_NVIC_SetPriorityGrouping)
    HAL_RCC_ClockConfig                      0x08002331   Thumb Code   286  stm32f4xx_hal_rcc.o(i.HAL_RCC_ClockConfig)
    HAL_RCC_GetPCLK1Freq                     0x08002461   Thumb Code    20  stm32f4xx_hal_rcc.o(i.HAL_RCC_GetPCLK1Freq)
    HAL_RCC_GetPCLK2Freq                     0x08002481   Thumb Code    20  stm32f4xx_hal_rcc.o(i.HAL_RCC_GetPCLK2Freq)
    HAL_RCC_GetSysClockFreq                  0x080024a1   Thumb Code    88  stm32f4xx_hal_rcc.o(i.HAL_RCC_GetSysClockFreq)
    HAL_RCC_OscConfig                        0x08002505   Thumb Code   770  stm32f4xx_hal_rcc.o(i.HAL_RCC_OscConfig)
    HAL_SPI_Init                             0x08002821   Thumb Code   128  stm32f4xx_hal_spi.o(i.HAL_SPI_Init)
    HAL_SPI_MspInit                          0x080028a1   Thumb Code    94  spi.o(i.HAL_SPI_MspInit)
    HAL_SPI_TransmitReceive                  0x0800290d   Thumb Code   482  stm32f4xx_hal_spi.o(i.HAL_SPI_TransmitReceive)
    HAL_SYSTICK_Config                       0x08002aef   Thumb Code    40  stm32f4xx_hal_cortex.o(i.HAL_SYSTICK_Config)
    HAL_TIM_MspPostInit                      0x08002b19   Thumb Code    70  tim.o(i.HAL_TIM_MspPostInit)
    HAL_TIM_PWM_ConfigChannel                0x08002b6d   Thumb Code   208  stm32f4xx_hal_tim.o(i.HAL_TIM_PWM_ConfigChannel)
    HAL_TIM_PWM_Init                         0x08002c3d   Thumb Code    54  stm32f4xx_hal_tim.o(i.HAL_TIM_PWM_Init)
    HAL_TIM_PWM_MspInit                      0x08002c75   Thumb Code    30  tim.o(i.HAL_TIM_PWM_MspInit)
    HAL_TIM_PWM_Start                        0x08002c9d   Thumb Code    58  stm32f4xx_hal_tim.o(i.HAL_TIM_PWM_Start)
    HAL_UART_DMAStop                         0x08002ce1   Thumb Code    88  stm32f4xx_hal_uart.o(i.HAL_UART_DMAStop)
    HAL_UART_ErrorCallback                   0x08002d39   Thumb Code    18  bsp_uart.o(i.HAL_UART_ErrorCallback)
    HAL_UART_Init                            0x08002d4b   Thumb Code    98  stm32f4xx_hal_uart.o(i.HAL_UART_Init)
    HAL_UART_MspInit                         0x08002dad   Thumb Code   294  usart.o(i.HAL_UART_MspInit)
    HAL_UART_Receive_DMA                     0x08002eed   Thumb Code   138  stm32f4xx_hal_uart.o(i.HAL_UART_Receive_DMA)
    HAL_UART_RxCpltCallback                  0x08002f85   Thumb Code     2  stm32f4xx_hal_uart.o(i.HAL_UART_RxCpltCallback)
    HAL_UART_RxHalfCpltCallback              0x08002f87   Thumb Code     2  stm32f4xx_hal_uart.o(i.HAL_UART_RxHalfCpltCallback)
    HAL_UART_Transmit                        0x08002f89   Thumb Code   186  stm32f4xx_hal_uart.o(i.HAL_UART_Transmit)
    HardFault_Handler                        0x08003043   Thumb Code     2  stm32f4xx_it.o(i.HardFault_Handler)
    IMU_Get_Data                             0x08003045   Thumb Code   128  mpu6500.o(i.IMU_Get_Data)
    IST8310_Init                             0x080030cd   Thumb Code   242  mpu6500.o(i.IST8310_Init)
    InfantryYawUpdate                        0x08003239   Thumb Code   418  imu_handle.o(i.InfantryYawUpdate)
    MPU6500_Read_Reg                         0x080033f9   Thumb Code    68  mpu6500.o(i.MPU6500_Read_Reg)
    MPU6500_Read_Regs                        0x08003449   Thumb Code    78  mpu6500.o(i.MPU6500_Read_Regs)
    MPU6500_Write_Reg                        0x080034a5   Thumb Code    72  mpu6500.o(i.MPU6500_Write_Reg)
    MX_ADC1_Init                             0x08003589   Thumb Code    88  adc.o(i.MX_ADC1_Init)
    MX_ADC2_Init                             0x080035ed   Thumb Code    88  adc.o(i.MX_ADC2_Init)
    MX_CAN1_Init                             0x08003651   Thumb Code    62  can.o(i.MX_CAN1_Init)
    MX_DMA_Init                              0x08003699   Thumb Code    56  dma.o(i.MX_DMA_Init)
    MX_FREERTOS_Init                         0x080036d5   Thumb Code   118  freertos.o(i.MX_FREERTOS_Init)
    MX_GPIO_Init                             0x08003755   Thumb Code   230  gpio.o(i.MX_GPIO_Init)
    MX_SPI5_Init                             0x08003851   Thumb Code    62  spi.o(i.MX_SPI5_Init)
    MX_TIM12_Init                            0x08003899   Thumb Code    82  tim.o(i.MX_TIM12_Init)
    MX_UART7_Init                            0x080038f5   Thumb Code    48  usart.o(i.MX_UART7_Init)
    MX_UART8_Init                            0x0800392d   Thumb Code    48  usart.o(i.MX_UART8_Init)
    MemManage_Handler                        0x08003965   Thumb Code     2  stm32f4xx_it.o(i.MemManage_Handler)
    NMI_Handler                              0x08003967   Thumb Code     2  stm32f4xx_it.o(i.NMI_Handler)
    PID_struct_init                          0x08003969   Thumb Code    30  pid.o(i.PID_struct_init)
    SplitStr                                 0x08003a3b   Thumb Code    80  stmgood.o(i.SplitStr)
    StartDefaultTask                         0x08003a8d   Thumb Code   440  freertos.o(i.StartDefaultTask)
    StrToFloat                               0x08003e11   Thumb Code   282  stmgood.o(i.StrToFloat)
    Strlen                                   0x08003f45   Thumb Code    16  stmgood.o(i.Strlen)
    SubStr                                   0x08003f55   Thumb Code    34  stmgood.o(i.SubStr)
    SysTick_Handler                          0x08003f7d   Thumb Code    14  stm32f4xx_it.o(i.SysTick_Handler)
    SystemClock_Config                       0x08003f8d   Thumb Code   124  main.o(i.SystemClock_Config)
    SystemInit                               0x08004011   Thumb Code    66  system_stm32f4xx.o(i.SystemInit)
    TIM_Base_SetConfig                       0x08004065   Thumb Code   156  stm32f4xx_hal_tim.o(i.TIM_Base_SetConfig)
    TIM_CCxChannelCmd                        0x0800412d   Thumb Code    26  stm32f4xx_hal_tim.o(i.TIM_CCxChannelCmd)
    TIM_OC2_SetConfig                        0x080041a9   Thumb Code    98  stm32f4xx_hal_tim.o(i.TIM_OC2_SetConfig)
    UART7_IRQHandler                         0x080042cd   Thumb Code     6  stm32f4xx_it.o(i.UART7_IRQHandler)
    UART8_IRQHandler                         0x080042d9   Thumb Code     6  stm32f4xx_it.o(i.UART8_IRQHandler)
    UART_RX_IDLE_IRQ                         0x080043a5   Thumb Code    96  bsp_uart.o(i.UART_RX_IDLE_IRQ)
    UsageFault_Handler                       0x08004729   Thumb Code     2  stm32f4xx_it.o(i.UsageFault_Handler)
    Verify_CRC8_Check_Sum                    0x0800472b   Thumb Code    38  crc_check.o(i.Verify_CRC8_Check_Sum)
    __0printf                                0x08004751   Thumb Code    22  printfa.o(i.__0printf)
    __1printf                                0x08004751   Thumb Code     0  printfa.o(i.__0printf)
    __2printf                                0x08004751   Thumb Code     0  printfa.o(i.__0printf)
    __c89printf                              0x08004751   Thumb Code     0  printfa.o(i.__0printf)
    printf                                   0x08004751   Thumb Code     0  printfa.o(i.__0printf)
    __ARM_fpclassify                         0x08004771   Thumb Code    48  fpclassify.o(i.__ARM_fpclassify)
    __hardfp_asin                            0x080047c1   Thumb Code   770  asin.o(i.__hardfp_asin)
    __hardfp_atan                            0x08004b21   Thumb Code   622  atan.o(i.__hardfp_atan)
    __hardfp_atan2                           0x08004df9   Thumb Code   432  atan2.o(i.__hardfp_atan2)
    __hardfp_cos                             0x08004fe9   Thumb Code   180  cos.o(i.__hardfp_cos)
    __hardfp_fabs                            0x080050b1   Thumb Code    20  fabs.o(i.__hardfp_fabs)
    __hardfp_sin                             0x080050c9   Thumb Code   180  sin.o(i.__hardfp_sin)
    __hardfp_sqrt                            0x08005191   Thumb Code   122  sqrt.o(i.__hardfp_sqrt)
    __ieee754_rem_pio2                       0x08005211   Thumb Code   938  rred.o(i.__ieee754_rem_pio2)
    __kernel_cos                             0x08005649   Thumb Code   322  cos_i.o(i.__kernel_cos)
    __kernel_poly                            0x080057b9   Thumb Code   248  poly.o(i.__kernel_poly)
    __kernel_sin                             0x080058b1   Thumb Code   280  sin_i.o(i.__kernel_sin)
    __mathlib_dbl_infnan                     0x080059e1   Thumb Code    20  dunder.o(i.__mathlib_dbl_infnan)
    __mathlib_dbl_infnan2                    0x080059f5   Thumb Code    20  dunder.o(i.__mathlib_dbl_infnan2)
    __mathlib_dbl_invalid                    0x08005a09   Thumb Code    24  dunder.o(i.__mathlib_dbl_invalid)
    __mathlib_dbl_underflow                  0x08005a29   Thumb Code    24  dunder.o(i.__mathlib_dbl_underflow)
    __scatterload_copy                       0x08005a49   Thumb Code    14  handlers.o(i.__scatterload_copy)
    __scatterload_null                       0x08005a57   Thumb Code     2  handlers.o(i.__scatterload_null)
    __scatterload_zeroinit                   0x08005a59   Thumb Code    14  handlers.o(i.__scatterload_zeroinit)
    __set_errno                              0x08005a69   Thumb Code     6  errno.o(i.__set_errno)
    angle_algorithm                          0x08006309   Thumb Code  1234  main_task.o(i.angle_algorithm)
    angle_algorithm_pro                      0x080067e5   Thumb Code   852  main_task.o(i.angle_algorithm_pro)
    angle_area_handle                        0x08006b6d   Thumb Code   248  main_task.o(i.angle_area_handle)
    atan                                     0x08006c99   Thumb Code    16  atan.o(i.atan)
    bt_ms_receive                            0x08006ca9   Thumb Code   186  chassis_ms_decode.o(i.bt_ms_receive)
    bt_ms_send                               0x08006d79   Thumb Code    60  chassis_ms_decode.o(i.bt_ms_send)
    busser_task                              0x08006dbd   Thumb Code    82  bsp_io.o(i.busser_task)
    can_device_init                          0x08006e19   Thumb Code    42  bsp_can.o(i.can_device_init)
    can_receive_start                        0x08006e49   Thumb Code    20  bsp_can.o(i.can_receive_start)
    cmd                                      0x08006e61   Thumb Code   270  stmgood.o(i.cmd)
    collect_path_handle                      0x08006fad   Thumb Code    74  main_task.o(i.collect_path_handle)
    control_info_handle                      0x08007009   Thumb Code    92  main_task.o(i.control_info_handle)
    dis_sp_trans                             0x08007079   Thumb Code   440  main_task.o(i.dis_sp_trans)
    encoder_data_handle                      0x080072c5   Thumb Code   104  bsp_can.o(i.encoder_data_handle)
    fabs                                     0x08007335   Thumb Code    24  fabs.o(i.fabs)
    fputc                                    0x0800734d   Thumb Code    18  bsp_uart.o(i.fputc)
    gimbal_param_init                        0x08007365   Thumb Code   102  gimbal_task.o(i.gimbal_param_init)
    gimbal_task                              0x080073ed   Thumb Code   314  gimbal_task.o(i.gimbal_task)
    go1                                      0x08007575   Thumb Code     6  stmgood.o(i.go1)
    imu_AHRS_update                          0x08007585   Thumb Code   878  imu_handle.o(i.imu_AHRS_update)
    imu_cal_update                           0x0800790d   Thumb Code    18  imu_handle.o(i.imu_cal_update)
    info_handle_task                         0x08007921   Thumb Code   242  main_task.o(i.info_handle_task)
    init_quaternion                          0x08007a31   Thumb Code   298  imu_handle.o(i.init_quaternion)
    invSqrt                                  0x08007bb9   Thumb Code    40  imu_handle.o(i.invSqrt)
    kalman1_init                             0x08007be5   Thumb Code    38  kalman_filter.o(i.kalman1_init)
    launch_dectect                           0x08007c15   Thumb Code    96  main_task.o(i.launch_dectect)
    launch_position_detect                   0x08007c81   Thumb Code   110  main_task.o(i.launch_position_detect)
    location_inverse_handle                  0x08007cfd   Thumb Code   238  main_task.o(i.location_inverse_handle)
    main                                     0x08007e05   Thumb Code   102  main.o(i.main)
    main_task                                0x08007e71   Thumb Code   176  main_task.o(i.main_task)
    mpu_device_Init                          0x08007f3d   Thumb Code   180  mpu6500.o(i.mpu_device_Init)
    multi1                                   0x0800808d   Thumb Code   118  stmgood.o(i.multi1)
    multi2                                   0x08008135   Thumb Code   102  stmgood.o(i.multi2)
    multi3                                   0x080081cd   Thumb Code    80  stmgood.o(i.multi3)
    multi4                                   0x08008259   Thumb Code    48  stmgood.o(i.multi4)
    osDelay                                  0x08008295   Thumb Code    14  cmsis_os.o(i.osDelay)
    osKernelStart                            0x080082a3   Thumb Code    10  cmsis_os.o(i.osKernelStart)
    osSystickHandler                         0x080082ad   Thumb Code    20  cmsis_os.o(i.osSystickHandler)
    osThreadCreate                           0x080082c1   Thumb Code    46  cmsis_os.o(i.osThreadCreate)
    pid_ast                                  0x080082f1   Thumb Code   430  pid.o(i.pid_ast)
    pvPortMalloc                             0x080087d9   Thumb Code   210  heap_4.o(i.pvPortMalloc)
    pxPortInitialiseStack                    0x080088b1   Thumb Code    40  port.o(i.pxPortInitialiseStack)
    send_gimbal_cur                          0x080088dd   Thumb Code    40  bsp_can.o(i.send_gimbal_cur)
    sick_task                                0x08008911   Thumb Code    20  sick_task.o(i.sick_task)
    sqrt                                     0x08008929   Thumb Code   110  sqrt.o(i.sqrt)
    target_ton_handle                        0x08008999   Thumb Code   756  main_task.o(i.target_ton_handle)
    target_ton_handle_pro                    0x08008cad   Thumb Code   384  main_task.o(i.target_ton_handle_pro)
    task_arrange_handle                      0x08008e3d   Thumb Code   308  main_task.o(i.task_arrange_handle)
    uart7_device_init                        0x08008f8d   Thumb Code    52  bsp_uart.o(i.uart7_device_init)
    uart8_device_init                        0x08008fcd   Thumb Code    52  bsp_uart.o(i.uart8_device_init)
    uxListRemove                             0x0800900d   Thumb Code    38  list.o(i.uxListRemove)
    vApplicationStackOverflowHook            0x08009033   Thumb Code     2  freertos.o(i.vApplicationStackOverflowHook)
    vListInitialise                          0x08009035   Thumb Code    22  list.o(i.vListInitialise)
    vListInitialiseItem                      0x0800904b   Thumb Code     6  list.o(i.vListInitialiseItem)
    vListInsert                              0x08009051   Thumb Code    48  list.o(i.vListInsert)
    vListInsertEnd                           0x08009081   Thumb Code    24  list.o(i.vListInsertEnd)
    vPortEnterCritical                       0x08009099   Thumb Code    54  port.o(i.vPortEnterCritical)
    vPortExitCritical                        0x080090d9   Thumb Code    34  port.o(i.vPortExitCritical)
    vPortFree                                0x08009101   Thumb Code    88  heap_4.o(i.vPortFree)
    vPortSetupTimerInterrupt                 0x0800915d   Thumb Code    32  port.o(i.vPortSetupTimerInterrupt)
    vTaskDelay                               0x08009181   Thumb Code    66  tasks.o(i.vTaskDelay)
    vTaskStartScheduler                      0x080091cd   Thumb Code    86  tasks.o(i.vTaskStartScheduler)
    vTaskSuspendAll                          0x08009235   Thumb Code    10  tasks.o(i.vTaskSuspendAll)
    vTaskSwitchContext                       0x08009245   Thumb Code   106  tasks.o(i.vTaskSwitchContext)
    vcc_out_init                             0x080092b9   Thumb Code    48  bsp_io.o(i.vcc_out_init)
    xPortStartScheduler                      0x080092ed   Thumb Code   222  port.o(i.xPortStartScheduler)
    xPortSysTickHandler                      0x080093e1   Thumb Code    38  port.o(i.xPortSysTickHandler)
    xTaskCreate                              0x0800940d   Thumb Code    86  tasks.o(i.xTaskCreate)
    xTaskGetSchedulerState                   0x08009465   Thumb Code    22  tasks.o(i.xTaskGetSchedulerState)
    xTaskIncrementTick                       0x08009481   Thumb Code   192  tasks.o(i.xTaskIncrementTick)
    xTaskResumeAll                           0x08009549   Thumb Code   182  tasks.o(i.xTaskResumeAll)
    yaw_mode_handle                          0x0800960d   Thumb Code   130  gimbal_task.o(i.yaw_mode_handle)
    CRC8_TAB                                 0x080096b4   Data         256  crc_check.o(.constdata)
    wCRC_Table                               0x080097b4   Data         512  crc_check.o(.constdata)
    AHBPrescTable                            0x08009a30   Data          16  system_stm32f4xx.o(.constdata)
    APBPrescTable                            0x08009a40   Data           8  system_stm32f4xx.o(.constdata)
    __mathlib_zero                           0x08009b60   Data           8  qnan.o(.constdata)
    Region$$Table$$Base                      0x08009c98   Number         0  anon$$obj.o(Region$$Table)
    Region$$Table$$Limit                     0x08009cb8   Number         0  anon$$obj.o(Region$$Table)
    TxData                                   0x20000000   Data           8  bsp_can.o(.data)
    beep_delay                               0x20000008   Data           2  bsp_io.o(.data)
    Count                                    0x2000000c   Data           1  stmgood.o(.data)
    _kp                                      0x20000010   Data           4  stmgood.o(.data)
    _ki                                      0x20000014   Data           4  stmgood.o(.data)
    _kd                                      0x20000018   Data           4  stmgood.o(.data)
    _kkp                                     0x2000001c   Data           4  stmgood.o(.data)
    _kki                                     0x20000020   Data           4  stmgood.o(.data)
    _kkd                                     0x20000024   Data           4  stmgood.o(.data)
    maxout1                                  0x20000028   Data           4  stmgood.o(.data)
    maxout2                                  0x2000002c   Data           4  stmgood.o(.data)
    q0                                       0x20000030   Data           4  imu_handle.o(.data)
    q1                                       0x20000034   Data           4  imu_handle.o(.data)
    q2                                       0x20000038   Data           4  imu_handle.o(.data)
    q3                                       0x2000003c   Data           4  imu_handle.o(.data)
    imu_init_ok                              0x20000040   Data           4  imu_handle.o(.data)
    Kp                                       0x20000044   Data           4  imu_handle.o(.data)
    Ki                                       0x20000048   Data           4  imu_handle.o(.data)
    imulast                                  0x20000088   Data           4  imu_handle.o(.data)
    imunow                                   0x2000008c   Data           4  imu_handle.o(.data)
    imu_first                                0x20000090   Data           4  imu_handle.o(.data)
    imu_pitch                                0x20000094   Data           4  imu_handle.o(.data)
    imu_roll                                 0x20000098   Data           4  imu_handle.o(.data)
    cnt                                      0x2000009c   Data           4  imu_handle.o(.data)
    halfT                                    0x200000a0   Data           4  imu_handle.o(.data)
    LaserBack_Back                           0x200000b8   Data           4  sick_task.o(.data)
    LaserBack_Front                          0x200000bc   Data           4  sick_task.o(.data)
    Laser_Right                              0x200000c0   Data           4  gimbal_task.o(.data)
    Laser_Left                               0x200000c4   Data           4  gimbal_task.o(.data)
    round_cnt                                0x200000c8   Data           2  main_task.o(.data)
    target_base                              0x200000cc   Data           4  main_task.o(.data)
    limit_distance                           0x200000dc   Data           4  main_task.o(.data)
    lazer_cnt                                0x200000e0   Data           4  main_task.o(.data)
    state_cnt                                0x200000e4   Data           4  main_task.o(.data)
    raw_angle                                0x200000e8   Data           4  main_task.o(.data)
    lazer_cnt1                               0x200000ec   Data           4  main_task.o(.data)
    defaultTaskHandle                        0x200000f0   Data           4  freertos.o(.data)
    DX35TaskHandle                           0x200000f4   Data           4  freertos.o(.data)
    GimbalTaskHandle                         0x200000f8   Data           4  freertos.o(.data)
    MainTaskHandle                           0x200000fc   Data           4  freertos.o(.data)
    InfoHandleTaskHandle                     0x20000100   Data           4  freertos.o(.data)
    uwTickFreq                               0x20000104   Data           1  stm32f4xx_hal.o(.data)
    uwTickPrio                               0x20000108   Data           4  stm32f4xx_hal.o(.data)
    uwTick                                   0x2000010c   Data           4  stm32f4xx_hal.o(.data)
    SystemCoreClock                          0x20000110   Data           4  system_stm32f4xx.o(.data)
    pxCurrentTCB                             0x20000114   Data           4  tasks.o(.data)
    chassis_data                             0x20000174   Data           4  chassis_ms_decode.o(.data)
    data_send_cnt                            0x20000178   Data           4  chassis_ms_decode.o(.data)
    send_chassis                             0x20000184   Data           3  chassis_ms_decode.o(.data)
    __stdout                                 0x20000188   Data           4  stdout.o(.data)
    CAN_TxHeader                             0x20000190   Data          24  bsp_can.o(.bss)
    moto_yaw                                 0x200001a8   Data          72  bsp_can.o(.bss)
    moto_fric                                0x200001f0   Data          72  bsp_can.o(.bss)
    uart7_buff                               0x20000238   Data          50  bsp_uart.o(.bss)
    uart8_buff                               0x2000026a   Data          50  bsp_uart.o(.bss)
    pid_yaw_out                              0x2000029c   Data          52  pid.o(.bss)
    pid_yaw_in                               0x200002d0   Data          52  pid.o(.bss)
    pid_fric                                 0x20000304   Data          52  pid.o(.bss)
    Cmd1                                     0x20000338   Data          20  stmgood.o(.bss)
    Cmd2                                     0x2000034c   Data          80  stmgood.o(.bss)
    Data                                     0x2000039c   Data         100  stmgood.o(.bss)
    Str1                                     0x20000400   Data         100  stmgood.o(.bss)
    xx                                       0x20000468   Data         800  stmgood.o(.bss)
    imu_data                                 0x20000788   Data          20  mpu6500.o(.bss)
    imu_data_forcal                          0x2000079c   Data          20  mpu6500.o(.bss)
    imu_data_offset                          0x200007b0   Data          20  mpu6500.o(.bss)
    kalman_imu                               0x200007c4   Data          28  mpu6500.o(.bss)
    location_ms                              0x200007e0   Data          68  main_task.o(.bss)
    gimbal_yaw                               0x20000824   Data          72  main_task.o(.bss)
    fric_data                                0x2000086c   Data          14  main_task.o(.bss)
    lazer_data                               0x2000087c   Data          40  main_task.o(.bss)
    logic_data                               0x200008a4   Data          36  main_task.o(.bss)
    hadc1                                    0x200008c8   Data          72  adc.o(.bss)
    hadc2                                    0x20000910   Data          72  adc.o(.bss)
    hcan1                                    0x20000958   Data          40  can.o(.bss)
    hspi5                                    0x20000980   Data          88  spi.o(.bss)
    htim12                                   0x200009d8   Data          64  tim.o(.bss)
    huart7                                   0x20000a18   Data          64  usart.o(.bss)
    huart8                                   0x20000a58   Data          64  usart.o(.bss)
    hdma_uart7_rx                            0x20000a98   Data          96  usart.o(.bss)
    hdma_uart8_rx                            0x20000af8   Data          96  usart.o(.bss)
    __initial_sp                             0x20004c48   Data           0  startup_stm32f427xx.o(STACK)



==============================================================================

Memory Map of the image

  Image Entry point : 0x080001ad

  Load Region LR_IROM1 (Base: 0x08000000, Size: 0x00009e48, Max: 0x00200000, ABSOLUTE, COMPRESSED[0x00009cdc])

    Execution Region ER_IROM1 (Base: 0x08000000, Size: 0x00009cb8, Max: 0x00200000, ABSOLUTE)

    Base Addr    Size         Type   Attr      Idx    E Section Name        Object

    0x08000000   0x000001ac   Data   RO            3    RESET               startup_stm32f427xx.o
    0x080001ac   0x00000000   Code   RO         6655  * .ARM.Collect$$$$00000000  mc_w.l(entry.o)
    0x080001ac   0x00000004   Code   RO         6996    .ARM.Collect$$$$00000001  mc_w.l(entry2.o)
    0x080001b0   0x00000004   Code   RO         6999    .ARM.Collect$$$$00000004  mc_w.l(entry5.o)
    0x080001b4   0x00000000   Code   RO         7001    .ARM.Collect$$$$00000008  mc_w.l(entry7b.o)
    0x080001b4   0x00000000   Code   RO         7003    .ARM.Collect$$$$0000000A  mc_w.l(entry8b.o)
    0x080001b4   0x00000008   Code   RO         7004    .ARM.Collect$$$$0000000B  mc_w.l(entry9a.o)
    0x080001bc   0x00000000   Code   RO         7006    .ARM.Collect$$$$0000000D  mc_w.l(entry10a.o)
    0x080001bc   0x00000000   Code   RO         7008    .ARM.Collect$$$$0000000F  mc_w.l(entry11a.o)
    0x080001bc   0x00000004   Code   RO         6997    .ARM.Collect$$$$00002712  mc_w.l(entry2.o)
    0x080001c0   0x000000be   Code   RO         6442    .emb_text           port.o
    0x0800027e   0x00000002   PAD
    0x08000280   0x00000024   Code   RO            4    .text               startup_stm32f427xx.o
    0x080002a4   0x00000062   Code   RO         6658    .text               mc_w.l(uldiv.o)
    0x08000306   0x00000008   Code   RO         6660    .text               mc_w.l(siabs.o)
    0x0800030e   0x00000024   Code   RO         6664    .text               mc_w.l(memcpya.o)
    0x08000332   0x00000024   Code   RO         6668    .text               mc_w.l(memseta.o)
    0x08000356   0x0000014e   Code   RO         6933    .text               mf_w.l(dadd.o)
    0x080004a4   0x000000e4   Code   RO         6935    .text               mf_w.l(dmul.o)
    0x08000588   0x000000de   Code   RO         6937    .text               mf_w.l(ddiv.o)
    0x08000666   0x00000022   Code   RO         6941    .text               mf_w.l(dflti.o)
    0x08000688   0x0000003e   Code   RO         6943    .text               mf_w.l(dfixi.o)
    0x080006c6   0x00000026   Code   RO         6945    .text               mf_w.l(f2d.o)
    0x080006ec   0x00000038   Code   RO         6947    .text               mf_w.l(d2f.o)
    0x08000724   0x0000002c   Code   RO         7011    .text               mc_w.l(uidiv.o)
    0x08000750   0x0000001e   Code   RO         7013    .text               mc_w.l(llshl.o)
    0x0800076e   0x00000020   Code   RO         7015    .text               mc_w.l(llushr.o)
    0x0800078e   0x00000024   Code   RO         7017    .text               mc_w.l(llsshr.o)
    0x080007b2   0x00000000   Code   RO         7026    .text               mc_w.l(iusefp.o)
    0x080007b2   0x0000006e   Code   RO         7027    .text               mf_w.l(fepilogue.o)
    0x08000820   0x000000ba   Code   RO         7029    .text               mf_w.l(depilogue.o)
    0x080008da   0x000000a2   Code   RO         7031    .text               mf_w.l(dsqrt.o)
    0x0800097c   0x00000030   Code   RO         7033    .text               mf_w.l(dfixul.o)
    0x080009ac   0x00000030   Code   RO         7037    .text               mf_w.l(cdrcmple.o)
    0x080009dc   0x00000024   Code   RO         7039    .text               mc_w.l(init.o)
    0x08000a00   0x0000001a   Code   RO         7041    .text               mf_w.l(dfltui.o)
    0x08000a1a   0x0000003a   Code   RO         7051    .text               mc_w.l(__dczerorl.o)
    0x08000a54   0x00000128   Code   RO         1964    i.ADC_Init          stm32f4xx_hal_adc.o
    0x08000b7c   0x0000001c   Code   RO          502    i.Append_CRC8_Check_Sum  crc_check.o
    0x08000b98   0x00000002   Code   RO         1837    i.BusFault_Handler  stm32f4xx_it.o
    0x08000b9a   0x00000002   PAD
    0x08000b9c   0x0000000c   Code   RO         1838    i.CAN1_RX0_IRQHandler  stm32f4xx_it.o
    0x08000ba8   0x0000000c   Code   RO         1839    i.CAN1_TX_IRQHandler  stm32f4xx_it.o
    0x08000bb4   0x00000218   Code   RO          685    i.Command           stmgood.o
    0x08000dcc   0x00000030   Code   RO          686    i.CompStr           stmgood.o
    0x08000dfc   0x00000016   Code   RO          687    i.CopyStr           stmgood.o
    0x08000e12   0x00000002   PAD
    0x08000e14   0x00000014   Code   RO         1840    i.DMA1_Stream3_IRQHandler  stm32f4xx_it.o
    0x08000e28   0x00000028   Code   RO         1841    i.DMA1_Stream6_IRQHandler  stm32f4xx_it.o
    0x08000e50   0x00000028   Code   RO         4557    i.DMA_CalcBaseAndBitshift  stm32f4xx_hal_dma.o
    0x08000e78   0x00000054   Code   RO         4558    i.DMA_CheckFifoParam  stm32f4xx_hal_dma.o
    0x08000ecc   0x00000028   Code   RO         4559    i.DMA_SetConfig     stm32f4xx_hal_dma.o
    0x08000ef4   0x00000088   Code   RO          688    i.DealStr           stmgood.o
    0x08000f7c   0x00000090   Code   RO          689    i.Dealdata          stmgood.o
    0x0800100c   0x00000002   Code   RO         1842    i.DebugMon_Handler  stm32f4xx_it.o
    0x0800100e   0x00000002   Code   RO         1448    i.Error_Handler     main.o
    0x08001010   0x00000018   Code   RO          690    i.FirstSpace        stmgood.o
    0x08001028   0x0000003c   Code   RO         1331    i.FlAG_CLEAR_HANDLE  main_task.o
    0x08001064   0x0000002c   Code   RO           13    i.Get_Adc1          bsp_adc.o
    0x08001090   0x00000026   Code   RO           14    i.Get_Adc1_Average  bsp_adc.o
    0x080010b6   0x00000002   PAD
    0x080010b8   0x0000002c   Code   RO           15    i.Get_Adc2          bsp_adc.o
    0x080010e4   0x00000026   Code   RO           16    i.Get_Adc2_Average  bsp_adc.o
    0x0800110a   0x00000002   PAD
    0x0800110c   0x0000001c   Code   RO          504    i.Get_CRC8_Check_Sum  crc_check.o
    0x08001128   0x00000164   Code   RO         1966    i.HAL_ADC_ConfigChannel  stm32f4xx_hal_adc.o
    0x0800128c   0x00000004   Code   RO         1972    i.HAL_ADC_GetState  stm32f4xx_hal_adc.o
    0x08001290   0x00000006   Code   RO         1973    i.HAL_ADC_GetValue  stm32f4xx_hal_adc.o
    0x08001296   0x00000054   Code   RO         1975    i.HAL_ADC_Init      stm32f4xx_hal_adc.o
    0x080012ea   0x00000002   PAD
    0x080012ec   0x00000090   Code   RO         1512    i.HAL_ADC_MspInit   adc.o
    0x0800137c   0x000000a2   Code   RO         1979    i.HAL_ADC_PollForConversion  stm32f4xx_hal_adc.o
    0x0800141e   0x00000002   PAD
    0x08001420   0x000000ec   Code   RO         1981    i.HAL_ADC_Start     stm32f4xx_hal_adc.o
    0x0800150c   0x00000024   Code   RO         2237    i.HAL_CAN_ActivateNotification  stm32f4xx_hal_can.o
    0x08001530   0x000000c8   Code   RO         2238    i.HAL_CAN_AddTxMessage  stm32f4xx_hal_can.o
    0x080015f8   0x0000010c   Code   RO         2239    i.HAL_CAN_ConfigFilter  stm32f4xx_hal_can.o
    0x08001704   0x00000002   Code   RO         2242    i.HAL_CAN_ErrorCallback  stm32f4xx_hal_can.o
    0x08001706   0x000000e8   Code   RO         2245    i.HAL_CAN_GetRxMessage  stm32f4xx_hal_can.o
    0x080017ee   0x000001fc   Code   RO         2249    i.HAL_CAN_IRQHandler  stm32f4xx_hal_can.o
    0x080019ea   0x0000011a   Code   RO         2250    i.HAL_CAN_Init      stm32f4xx_hal_can.o
    0x08001b04   0x00000088   Code   RO         1560    i.HAL_CAN_MspInit   can.o
    0x08001b8c   0x00000002   Code   RO         2257    i.HAL_CAN_RxFifo0FullCallback  stm32f4xx_hal_can.o
    0x08001b8e   0x00000002   PAD
    0x08001b90   0x00000068   Code   RO          220    i.HAL_CAN_RxFifo0MsgPendingCallback  bsp_can.o
    0x08001bf8   0x00000002   Code   RO         2259    i.HAL_CAN_RxFifo1FullCallback  stm32f4xx_hal_can.o
    0x08001bfa   0x00000002   Code   RO         2260    i.HAL_CAN_RxFifo1MsgPendingCallback  stm32f4xx_hal_can.o
    0x08001bfc   0x00000002   Code   RO         2261    i.HAL_CAN_SleepCallback  stm32f4xx_hal_can.o
    0x08001bfe   0x00000002   PAD
    0x08001c00   0x00000058   Code   RO         2262    i.HAL_CAN_Start     stm32f4xx_hal_can.o
    0x08001c58   0x00000002   Code   RO         2264    i.HAL_CAN_TxMailbox0AbortCallback  stm32f4xx_hal_can.o
    0x08001c5a   0x00000002   Code   RO         2265    i.HAL_CAN_TxMailbox0CompleteCallback  stm32f4xx_hal_can.o
    0x08001c5c   0x00000002   Code   RO         2266    i.HAL_CAN_TxMailbox1AbortCallback  stm32f4xx_hal_can.o
    0x08001c5e   0x00000002   Code   RO         2267    i.HAL_CAN_TxMailbox1CompleteCallback  stm32f4xx_hal_can.o
    0x08001c60   0x00000002   Code   RO         2268    i.HAL_CAN_TxMailbox2AbortCallback  stm32f4xx_hal_can.o
    0x08001c62   0x00000002   Code   RO         2269    i.HAL_CAN_TxMailbox2CompleteCallback  stm32f4xx_hal_can.o
    0x08001c64   0x00000002   Code   RO         2271    i.HAL_CAN_WakeUpFromRxMsgCallback  stm32f4xx_hal_can.o
    0x08001c66   0x0000008e   Code   RO         4560    i.HAL_DMA_Abort     stm32f4xx_hal_dma.o
    0x08001cf4   0x000001a0   Code   RO         4565    i.HAL_DMA_IRQHandler  stm32f4xx_hal_dma.o
    0x08001e94   0x000000d4   Code   RO         4566    i.HAL_DMA_Init      stm32f4xx_hal_dma.o
    0x08001f68   0x00000078   Code   RO         4570    i.HAL_DMA_Start_IT  stm32f4xx_hal_dma.o
    0x08001fe0   0x00000024   Code   RO         4997    i.HAL_Delay         stm32f4xx_hal.o
    0x08002004   0x000001cc   Code   RO         4453    i.HAL_GPIO_Init     stm32f4xx_hal_gpio.o
    0x080021d0   0x0000000e   Code   RO         4456    i.HAL_GPIO_TogglePin  stm32f4xx_hal_gpio.o
    0x080021de   0x0000000a   Code   RO         4457    i.HAL_GPIO_WritePin  stm32f4xx_hal_gpio.o
    0x080021e8   0x0000000c   Code   RO         5005    i.HAL_GetTick       stm32f4xx_hal.o
    0x080021f4   0x00000010   Code   RO         5011    i.HAL_IncTick       stm32f4xx_hal.o
    0x08002204   0x00000034   Code   RO         5012    i.HAL_Init          stm32f4xx_hal.o
    0x08002238   0x00000040   Code   RO         5013    i.HAL_InitTick      stm32f4xx_hal.o
    0x08002278   0x00000038   Code   RO         1937    i.HAL_MspInit       stm32f4xx_hal_msp.o
    0x080022b0   0x0000001a   Code   RO         4860    i.HAL_NVIC_EnableIRQ  stm32f4xx_hal_cortex.o
    0x080022ca   0x00000002   PAD
    0x080022cc   0x00000040   Code   RO         4866    i.HAL_NVIC_SetPriority  stm32f4xx_hal_cortex.o
    0x0800230c   0x00000024   Code   RO         4867    i.HAL_NVIC_SetPriorityGrouping  stm32f4xx_hal_cortex.o
    0x08002330   0x00000130   Code   RO         4047    i.HAL_RCC_ClockConfig  stm32f4xx_hal_rcc.o
    0x08002460   0x00000020   Code   RO         4054    i.HAL_RCC_GetPCLK1Freq  stm32f4xx_hal_rcc.o
    0x08002480   0x00000020   Code   RO         4055    i.HAL_RCC_GetPCLK2Freq  stm32f4xx_hal_rcc.o
    0x080024a0   0x00000064   Code   RO         4056    i.HAL_RCC_GetSysClockFreq  stm32f4xx_hal_rcc.o
    0x08002504   0x0000031c   Code   RO         4059    i.HAL_RCC_OscConfig  stm32f4xx_hal_rcc.o
    0x08002820   0x00000080   Code   RO         2481    i.HAL_SPI_Init      stm32f4xx_hal_spi.o
    0x080028a0   0x0000006c   Code   RO         1700    i.HAL_SPI_MspInit   spi.o
    0x0800290c   0x000001e2   Code   RO         2490    i.HAL_SPI_TransmitReceive  stm32f4xx_hal_spi.o
    0x08002aee   0x00000028   Code   RO         4871    i.HAL_SYSTICK_Config  stm32f4xx_hal_cortex.o
    0x08002b16   0x00000002   PAD
    0x08002b18   0x00000054   Code   RO         1741    i.HAL_TIM_MspPostInit  tim.o
    0x08002b6c   0x000000d0   Code   RO         2861    i.HAL_TIM_PWM_ConfigChannel  stm32f4xx_hal_tim.o
    0x08002c3c   0x00000036   Code   RO         2864    i.HAL_TIM_PWM_Init  stm32f4xx_hal_tim.o
    0x08002c72   0x00000002   PAD
    0x08002c74   0x00000028   Code   RO         1743    i.HAL_TIM_PWM_MspInit  tim.o
    0x08002c9c   0x00000044   Code   RO         2869    i.HAL_TIM_PWM_Start  stm32f4xx_hal_tim.o
    0x08002ce0   0x00000058   Code   RO         3739    i.HAL_UART_DMAStop  stm32f4xx_hal_uart.o
    0x08002d38   0x00000012   Code   RO          295    i.HAL_UART_ErrorCallback  bsp_uart.o
    0x08002d4a   0x00000062   Code   RO         3745    i.HAL_UART_Init     stm32f4xx_hal_uart.o
    0x08002dac   0x00000140   Code   RO         1790    i.HAL_UART_MspInit  usart.o
    0x08002eec   0x00000098   Code   RO         3749    i.HAL_UART_Receive_DMA  stm32f4xx_hal_uart.o
    0x08002f84   0x00000002   Code   RO         3751    i.HAL_UART_RxCpltCallback  stm32f4xx_hal_uart.o
    0x08002f86   0x00000002   Code   RO         3752    i.HAL_UART_RxHalfCpltCallback  stm32f4xx_hal_uart.o
    0x08002f88   0x000000ba   Code   RO         3753    i.HAL_UART_Transmit  stm32f4xx_hal_uart.o
    0x08003042   0x00000002   Code   RO         1843    i.HardFault_Handler  stm32f4xx_it.o
    0x08003044   0x00000088   Code   RO         1147    i.IMU_Get_Data      mpu6500.o
    0x080030cc   0x000000f2   Code   RO         1148    i.IST8310_Init      mpu6500.o
    0x080031be   0x00000038   Code   RO         1149    i.IST_Reg_Read_By_MPU  mpu6500.o
    0x080031f6   0x00000042   Code   RO         1150    i.IST_Reg_Write_By_MPU  mpu6500.o
    0x08003238   0x000001c0   Code   RO         1068    i.InfantryYawUpdate  imu_handle.o
    0x080033f8   0x00000050   Code   RO         1151    i.MPU6500_Read_Reg  mpu6500.o
    0x08003448   0x0000005c   Code   RO         1152    i.MPU6500_Read_Regs  mpu6500.o
    0x080034a4   0x00000054   Code   RO         1155    i.MPU6500_Write_Reg  mpu6500.o
    0x080034f8   0x0000008e   Code   RO         1156    i.MPU_Auto_Read_IST_config  mpu6500.o
    0x08003586   0x00000002   PAD
    0x08003588   0x00000064   Code   RO         1513    i.MX_ADC1_Init      adc.o
    0x080035ec   0x00000064   Code   RO         1514    i.MX_ADC2_Init      adc.o
    0x08003650   0x00000048   Code   RO         1561    i.MX_CAN1_Init      can.o
    0x08003698   0x0000003c   Code   RO         1601    i.MX_DMA_Init       dma.o
    0x080036d4   0x00000080   Code   RO         1625    i.MX_FREERTOS_Init  freertos.o
    0x08003754   0x000000fc   Code   RO         1487    i.MX_GPIO_Init      gpio.o
    0x08003850   0x00000048   Code   RO         1701    i.MX_SPI5_Init      spi.o
    0x08003898   0x0000005c   Code   RO         1744    i.MX_TIM12_Init     tim.o
    0x080038f4   0x00000038   Code   RO         1791    i.MX_UART7_Init     usart.o
    0x0800392c   0x00000038   Code   RO         1792    i.MX_UART8_Init     usart.o
    0x08003964   0x00000002   Code   RO         1844    i.MemManage_Handler  stm32f4xx_it.o
    0x08003966   0x00000002   Code   RO         1845    i.NMI_Handler       stm32f4xx_it.o
    0x08003968   0x0000001e   Code   RO          602    i.PID_struct_init   pid.o
    0x08003986   0x00000020   Code   RO         2519    i.SPI_EndRxTxTransaction  stm32f4xx_hal_spi.o
    0x080039a6   0x00000094   Code   RO         2524    i.SPI_WaitFlagStateUntilTimeout  stm32f4xx_hal_spi.o
    0x08003a3a   0x00000050   Code   RO          691    i.SplitStr          stmgood.o
    0x08003a8a   0x00000002   PAD
    0x08003a8c   0x00000384   Code   RO         1626    i.StartDefaultTask  freertos.o
    0x08003e10   0x00000134   Code   RO          692    i.StrToFloat        stmgood.o
    0x08003f44   0x00000010   Code   RO          694    i.Strlen            stmgood.o
    0x08003f54   0x00000028   Code   RO          695    i.SubStr            stmgood.o
    0x08003f7c   0x0000000e   Code   RO         1846    i.SysTick_Handler   stm32f4xx_it.o
    0x08003f8a   0x00000002   PAD
    0x08003f8c   0x00000084   Code   RO         1449    i.SystemClock_Config  main.o
    0x08004010   0x00000054   Code   RO         5258    i.SystemInit        system_stm32f4xx.o
    0x08004064   0x000000c8   Code   RO         2882    i.TIM_Base_SetConfig  stm32f4xx_hal_tim.o
    0x0800412c   0x0000001a   Code   RO         2883    i.TIM_CCxChannelCmd  stm32f4xx_hal_tim.o
    0x08004146   0x00000002   PAD
    0x08004148   0x00000060   Code   RO         2895    i.TIM_OC1_SetConfig  stm32f4xx_hal_tim.o
    0x080041a8   0x0000006c   Code   RO         2896    i.TIM_OC2_SetConfig  stm32f4xx_hal_tim.o
    0x08004214   0x00000068   Code   RO         2897    i.TIM_OC3_SetConfig  stm32f4xx_hal_tim.o
    0x0800427c   0x00000050   Code   RO         2898    i.TIM_OC4_SetConfig  stm32f4xx_hal_tim.o
    0x080042cc   0x0000000c   Code   RO         1847    i.UART7_IRQHandler  stm32f4xx_it.o
    0x080042d8   0x0000000c   Code   RO         1848    i.UART8_IRQHandler  stm32f4xx_it.o
    0x080042e4   0x0000004a   Code   RO         3759    i.UART_DMAError     stm32f4xx_hal_uart.o
    0x0800432e   0x0000003c   Code   RO         3760    i.UART_DMAReceiveCplt  stm32f4xx_hal_uart.o
    0x0800436a   0x0000000a   Code   RO         3762    i.UART_DMARxHalfCplt  stm32f4xx_hal_uart.o
    0x08004374   0x0000001c   Code   RO         3768    i.UART_EndRxTransfer  stm32f4xx_hal_uart.o
    0x08004390   0x00000012   Code   RO         3769    i.UART_EndTxTransfer  stm32f4xx_hal_uart.o
    0x080043a2   0x00000002   PAD
    0x080043a4   0x00000074   Code   RO          296    i.UART_RX_IDLE_IRQ  bsp_uart.o
    0x08004418   0x000002ac   Code   RO         3771    i.UART_SetConfig    stm32f4xx_hal_uart.o
    0x080046c4   0x00000064   Code   RO         3773    i.UART_WaitOnFlagUntilTimeout  stm32f4xx_hal_uart.o
    0x08004728   0x00000002   Code   RO         1849    i.UsageFault_Handler  stm32f4xx_it.o
    0x0800472a   0x00000026   Code   RO          506    i.Verify_CRC8_Check_Sum  crc_check.o
    0x08004750   0x00000020   Code   RO         6905    i.__0printf         mc_w.l(printfa.o)
    0x08004770   0x00000030   Code   RO         6980    i.__ARM_fpclassify  m_wm.l(fpclassify.o)
    0x080047a0   0x00000020   Code   RO         4873    i.__NVIC_SetPriority  stm32f4xx_hal_cortex.o
    0x080047c0   0x00000360   Code   RO         6587    i.__hardfp_asin     m_wm.l(asin.o)
    0x08004b20   0x000002d8   Code   RO         6949    i.__hardfp_atan     m_wm.l(atan.o)
    0x08004df8   0x000001f0   Code   RO         6601    i.__hardfp_atan2    m_wm.l(atan2.o)
    0x08004fe8   0x000000c8   Code   RO         6613    i.__hardfp_cos      m_wm.l(cos.o)
    0x080050b0   0x00000014   Code   RO         6625    i.__hardfp_fabs     m_wm.l(fabs.o)
    0x080050c4   0x00000004   PAD
    0x080050c8   0x000000c8   Code   RO         6631    i.__hardfp_sin      m_wm.l(sin.o)
    0x08005190   0x0000007a   Code   RO         6643    i.__hardfp_sqrt     m_wm.l(sqrt.o)
    0x0800520a   0x00000006   PAD
    0x08005210   0x00000438   Code   RO         6985    i.__ieee754_rem_pio2  m_wm.l(rred.o)
    0x08005648   0x00000170   Code   RO         6963    i.__kernel_cos      m_wm.l(cos_i.o)
    0x080057b8   0x000000f8   Code   RO         6982    i.__kernel_poly     m_wm.l(poly.o)
    0x080058b0   0x00000130   Code   RO         6990    i.__kernel_sin      m_wm.l(sin_i.o)
    0x080059e0   0x00000014   Code   RO         6967    i.__mathlib_dbl_infnan  m_wm.l(dunder.o)
    0x080059f4   0x00000014   Code   RO         6968    i.__mathlib_dbl_infnan2  m_wm.l(dunder.o)
    0x08005a08   0x00000020   Code   RO         6969    i.__mathlib_dbl_invalid  m_wm.l(dunder.o)
    0x08005a28   0x00000020   Code   RO         6972    i.__mathlib_dbl_underflow  m_wm.l(dunder.o)
    0x08005a48   0x0000000e   Code   RO         7045    i.__scatterload_copy  mc_w.l(handlers.o)
    0x08005a56   0x00000002   Code   RO         7046    i.__scatterload_null  mc_w.l(handlers.o)
    0x08005a58   0x0000000e   Code   RO         7047    i.__scatterload_zeroinit  mc_w.l(handlers.o)
    0x08005a66   0x00000002   PAD
    0x08005a68   0x0000000c   Code   RO         7021    i.__set_errno       mc_w.l(errno.o)
    0x08005a74   0x00000164   Code   RO         6912    i._fp_digits        mc_w.l(printfa.o)
    0x08005bd8   0x000006dc   Code   RO         6913    i._printf_core      mc_w.l(printfa.o)
    0x080062b4   0x00000024   Code   RO         6914    i._printf_post_padding  mc_w.l(printfa.o)
    0x080062d8   0x0000002e   Code   RO         6915    i._printf_pre_padding  mc_w.l(printfa.o)
    0x08006306   0x00000002   PAD
    0x08006308   0x000004dc   Code   RO         1332    i.angle_algorithm   main_task.o
    0x080067e4   0x00000388   Code   RO         1333    i.angle_algorithm_pro  main_task.o
    0x08006b6c   0x0000012c   Code   RO         1334    i.angle_area_handle  main_task.o
    0x08006c98   0x00000010   Code   RO         6951    i.atan              m_wm.l(atan.o)
    0x08006ca8   0x000000d0   Code   RO         6553    i.bt_ms_receive     chassis_ms_decode.o
    0x08006d78   0x00000044   Code   RO         6554    i.bt_ms_send        chassis_ms_decode.o
    0x08006dbc   0x0000005c   Code   RO          367    i.busser_task       bsp_io.o
    0x08006e18   0x00000030   Code   RO          221    i.can_device_init   bsp_can.o
    0x08006e48   0x00000018   Code   RO          222    i.can_receive_start  bsp_can.o
    0x08006e60   0x0000014c   Code   RO          702    i.cmd               stmgood.o
    0x08006fac   0x0000005c   Code   RO         1335    i.collect_path_handle  main_task.o
    0x08007008   0x00000070   Code   RO         1336    i.control_info_handle  main_task.o
    0x08007078   0x0000024c   Code   RO         1337    i.dis_sp_trans      main_task.o
    0x080072c4   0x00000070   Code   RO          223    i.encoder_data_handle  bsp_can.o
    0x08007334   0x00000018   Code   RO         6627    i.fabs              m_wm.l(fabs.o)
    0x0800734c   0x00000018   Code   RO          297    i.fputc             bsp_uart.o
    0x08007364   0x00000088   Code   RO         1286    i.gimbal_param_init  gimbal_task.o
    0x080073ec   0x00000188   Code   RO         1287    i.gimbal_task       gimbal_task.o
    0x08007574   0x00000010   Code   RO          704    i.go1               stmgood.o
    0x08007584   0x00000388   Code   RO         1071    i.imu_AHRS_update   imu_handle.o
    0x0800790c   0x00000012   Code   RO         1072    i.imu_cal_update    imu_handle.o
    0x0800791e   0x00000002   PAD
    0x08007920   0x00000110   Code   RO         1338    i.info_handle_task  main_task.o
    0x08007a30   0x00000188   Code   RO         1073    i.init_quaternion   imu_handle.o
    0x08007bb8   0x0000002c   Code   RO         1074    i.invSqrt           imu_handle.o
    0x08007be4   0x00000030   Code   RO          561    i.kalman1_init      kalman_filter.o
    0x08007c14   0x0000006c   Code   RO         1339    i.launch_dectect    main_task.o
    0x08007c80   0x0000007c   Code   RO         1340    i.launch_position_detect  main_task.o
    0x08007cfc   0x00000108   Code   RO         1341    i.location_inverse_handle  main_task.o
    0x08007e04   0x0000006c   Code   RO         1450    i.main              main.o
    0x08007e70   0x000000c0   Code   RO         1342    i.main_task         main_task.o
    0x08007f30   0x0000000c   Code   RO         6014    i.makeFreeRtosPriority  cmsis_os.o
    0x08007f3c   0x000000d8   Code   RO         1157    i.mpu_device_Init   mpu6500.o
    0x08008014   0x00000078   Code   RO         1158    i.mpu_offset_init   mpu6500.o
    0x0800808c   0x000000a8   Code   RO          711    i.multi1            stmgood.o
    0x08008134   0x00000098   Code   RO          712    i.multi2            stmgood.o
    0x080081cc   0x0000008c   Code   RO          713    i.multi3            stmgood.o
    0x08008258   0x0000003c   Code   RO          714    i.multi4            stmgood.o
    0x08008294   0x0000000e   Code   RO         6016    i.osDelay           cmsis_os.o
    0x080082a2   0x0000000a   Code   RO         6019    i.osKernelStart     cmsis_os.o
    0x080082ac   0x00000014   Code   RO         6052    i.osSystickHandler  cmsis_os.o
    0x080082c0   0x0000002e   Code   RO         6053    i.osThreadCreate    cmsis_os.o
    0x080082ee   0x00000002   PAD
    0x080082f0   0x000001c4   Code   RO          604    i.pid_ast           pid.o
    0x080084b4   0x00000070   Code   RO         5717    i.prvAddCurrentTaskToDelayedList  tasks.o
    0x08008524   0x000000d0   Code   RO         5718    i.prvAddNewTaskToReadyList  tasks.o
    0x080085f4   0x00000014   Code   RO         5719    i.prvDeleteTCB      tasks.o
    0x08008608   0x0000004c   Code   RO         6381    i.prvHeapInit       heap_4.o
    0x08008654   0x00000060   Code   RO         5720    i.prvIdleTask       tasks.o
    0x080086b4   0x0000008e   Code   RO         5721    i.prvInitialiseNewTask  tasks.o
    0x08008742   0x00000002   PAD
    0x08008744   0x0000004c   Code   RO         6382    i.prvInsertBlockIntoFreeList  heap_4.o
    0x08008790   0x00000020   Code   RO         5722    i.prvResetNextTaskUnblockTime  tasks.o
    0x080087b0   0x00000028   Code   RO         6443    i.prvTaskExitError  port.o
    0x080087d8   0x000000d8   Code   RO         6383    i.pvPortMalloc      heap_4.o
    0x080088b0   0x0000002c   Code   RO         6444    i.pxPortInitialiseStack  port.o
    0x080088dc   0x00000034   Code   RO          225    i.send_gimbal_cur   bsp_can.o
    0x08008910   0x00000018   Code   RO         1252    i.sick_task         sick_task.o
    0x08008928   0x0000006e   Code   RO         6645    i.sqrt              m_wm.l(sqrt.o)
    0x08008996   0x00000002   PAD
    0x08008998   0x00000314   Code   RO         1343    i.target_ton_handle  main_task.o
    0x08008cac   0x00000190   Code   RO         1344    i.target_ton_handle_pro  main_task.o
    0x08008e3c   0x00000150   Code   RO         1345    i.task_arrange_handle  main_task.o
    0x08008f8c   0x00000040   Code   RO          298    i.uart7_device_init  bsp_uart.o
    0x08008fcc   0x00000040   Code   RO          299    i.uart8_device_init  bsp_uart.o
    0x0800900c   0x00000026   Code   RO         5390    i.uxListRemove      list.o
    0x08009032   0x00000002   Code   RO         1631    i.vApplicationStackOverflowHook  freertos.o
    0x08009034   0x00000016   Code   RO         5391    i.vListInitialise   list.o
    0x0800904a   0x00000006   Code   RO         5392    i.vListInitialiseItem  list.o
    0x08009050   0x00000030   Code   RO         5393    i.vListInsert       list.o
    0x08009080   0x00000018   Code   RO         5394    i.vListInsertEnd    list.o
    0x08009098   0x00000040   Code   RO         6446    i.vPortEnterCritical  port.o
    0x080090d8   0x00000028   Code   RO         6447    i.vPortExitCritical  port.o
    0x08009100   0x0000005c   Code   RO         6384    i.vPortFree         heap_4.o
    0x0800915c   0x00000024   Code   RO         6448    i.vPortSetupTimerInterrupt  port.o
    0x08009180   0x0000004c   Code   RO         5730    i.vTaskDelay        tasks.o
    0x080091cc   0x00000068   Code   RO         5743    i.vTaskStartScheduler  tasks.o
    0x08009234   0x00000010   Code   RO         5745    i.vTaskSuspendAll   tasks.o
    0x08009244   0x00000074   Code   RO         5746    i.vTaskSwitchContext  tasks.o
    0x080092b8   0x00000034   Code   RO          368    i.vcc_out_init      bsp_io.o
    0x080092ec   0x000000f4   Code   RO         6450    i.xPortStartScheduler  port.o
    0x080093e0   0x0000002c   Code   RO         6451    i.xPortSysTickHandler  port.o
    0x0800940c   0x00000056   Code   RO         5748    i.xTaskCreate       tasks.o
    0x08009462   0x00000002   PAD
    0x08009464   0x0000001c   Code   RO         5752    i.xTaskGetSchedulerState  tasks.o
    0x08009480   0x000000c8   Code   RO         5755    i.xTaskIncrementTick  tasks.o
    0x08009548   0x000000c4   Code   RO         5761    i.xTaskResumeAll    tasks.o
    0x0800960c   0x000000a8   Code   RO         1288    i.yaw_mode_handle   gimbal_task.o
    0x080096b4   0x00000300   Data   RO          508    .constdata          crc_check.o
    0x080099b4   0x0000000e   Data   RO         1160    .constdata          mpu6500.o
    0x080099c2   0x00000002   PAD
    0x080099c4   0x00000064   Data   RO         1632    .constdata          freertos.o
    0x08009a28   0x00000008   Data   RO         4572    .constdata          stm32f4xx_hal_dma.o
    0x08009a30   0x00000010   Data   RO         5259    .constdata          system_stm32f4xx.o
    0x08009a40   0x00000008   Data   RO         5260    .constdata          system_stm32f4xx.o
    0x08009a48   0x00000050   Data   RO         6590    .constdata          m_wm.l(asin.o)
    0x08009a98   0x00000098   Data   RO         6952    .constdata          m_wm.l(atan.o)
    0x08009b30   0x00000030   Data   RO         6964    .constdata          m_wm.l(cos_i.o)
    0x08009b60   0x00000008   Data   RO         6984    .constdata          m_wm.l(qnan.o)
    0x08009b68   0x000000c8   Data   RO         6987    .constdata          m_wm.l(rred.o)
    0x08009c30   0x00000028   Data   RO         6991    .constdata          m_wm.l(sin_i.o)
    0x08009c58   0x00000040   Data   RO         1633    .conststring        freertos.o
    0x08009c98   0x00000020   Data   RO         7043    Region$$Table       anon$$obj.o


    Execution Region RW_IRAM1 (Base: 0x20000000, Size: 0x00004c48, Max: 0x00030000, ABSOLUTE, COMPRESSED[0x00000024])

    Base Addr    Size         Type   Attr      Idx    E Section Name        Object

    0x20000000   0x00000008   Data   RW          227    .data               bsp_can.o
    0x20000008   0x00000002   Data   RW          369    .data               bsp_io.o
    0x2000000a   0x00000002   PAD
    0x2000000c   0x00000024   Data   RW          750    .data               stmgood.o
    0x20000030   0x00000074   Data   RW         1076    .data               imu_handle.o
    0x200000a4   0x00000014   Data   RW         1162    .data               mpu6500.o
    0x200000b8   0x00000008   Data   RW         1253    .data               sick_task.o
    0x200000c0   0x00000008   Data   RW         1290    .data               gimbal_task.o
    0x200000c8   0x00000028   Data   RW         1347    .data               main_task.o
    0x200000f0   0x00000014   Data   RW         1634    .data               freertos.o
    0x20000104   0x0000000c   Data   RW         5019    .data               stm32f4xx_hal.o
    0x20000110   0x00000004   Data   RW         5261    .data               system_stm32f4xx.o
    0x20000114   0x0000003c   Data   RW         5764    .data               tasks.o
    0x20000150   0x00000018   Data   RW         6389    .data               heap_4.o
    0x20000168   0x0000000c   Data   RW         6452    .data               port.o
    0x20000174   0x00000010   Data   RW         6555    .data               chassis_ms_decode.o
    0x20000184   0x00000003   Data   RW         6556    .data               chassis_ms_decode.o
    0x20000187   0x00000001   PAD
    0x20000188   0x00000004   Data   RW         7010    .data               mc_w.l(stdout.o)
    0x2000018c   0x00000004   Data   RW         7022    .data               mc_w.l(errno.o)
    0x20000190   0x000000a8   Zero   RW          226    .bss                bsp_can.o
    0x20000238   0x00000064   Zero   RW          300    .bss                bsp_uart.o
    0x2000029c   0x00000034   Zero   RW          605    .bss                pid.o
    0x200002d0   0x00000034   Zero   RW          606    .bss                pid.o
    0x20000304   0x00000034   Zero   RW          607    .bss                pid.o
    0x20000338   0x00000450   Zero   RW          749    .bss                stmgood.o
    0x20000788   0x00000058   Zero   RW         1159    .bss                mpu6500.o
    0x200007e0   0x000000e8   Zero   RW         1346    .bss                main_task.o
    0x200008c8   0x00000090   Zero   RW         1515    .bss                adc.o
    0x20000958   0x00000028   Zero   RW         1562    .bss                can.o
    0x20000980   0x00000058   Zero   RW         1702    .bss                spi.o
    0x200009d8   0x00000040   Zero   RW         1745    .bss                tim.o
    0x20000a18   0x00000140   Zero   RW         1793    .bss                usart.o
    0x20000b58   0x000000f0   Zero   RW         5763    .bss                tasks.o
    0x20000c48   0x00003c00   Zero   RW         6388    .bss                heap_4.o
    0x20004848   0x00000400   Zero   RW            1    STACK               startup_stm32f427xx.o


==============================================================================

Image component sizes


      Code (inc. data)   RO Data    RW Data    ZI Data      Debug   Object Name

       344         42          0          0        144       2186   adc.o
       164         12          0          0          0     792500   bsp_adc.o
       340         44          0          8        168       4573   bsp_can.o
       144         14          0          2          0       1162   bsp_io.o
       286         50          0          0        100       4208   bsp_uart.o
       208         24          0          0         40       1529   can.o
       276         30          0         19          0       2459   chassis_ms_decode.o
       102          0          0          0          0      12908   cmsis_os.o
        94          4        768          0          0       2542   crc_check.o
        60          4          0          0          0        710   dma.o
         0          0          0          0          0       9424   event_groups.o
      1030        470        164         20          0       3083   freertos.o
       696        150          0          8          0       2146   gimbal_task.o
       252         22          0          0          0        959   gpio.o
       460         24          0         24      15360       6903   heap_4.o
      1806        154          0        116          0       5453   imu_handle.o
        48         10          0          0          0       1275   kalman_filter.o
       138          0          0          0          0       3202   list.o
       242         14          0          0          0       2204   main.o
      5784        568          0         40        232      12949   main_task.o
      1234         88         14         20         88       7404   mpu6500.o
       482         22          0          0        156       2451   pid.o
       702         72          0         12          0      10760   port.o
        24          4          0          8          0        693   sick_task.o
       180         24          0          0         88       1513   spi.o
        36          8        428          0       1024        812   startup_stm32f427xx.o
       180         28          0         12          0       4325   stm32f4xx_hal.o
      1144         60          0          0          0       5289   stm32f4xx_hal_adc.o
      1638          6          0          0          0      12831   stm32f4xx_hal_can.o
       198         14          0          0          0      33431   stm32f4xx_hal_cortex.o
      1054         16          8          0          0       5723   stm32f4xx_hal_dma.o
       484         52          0          0          0       2689   stm32f4xx_hal_gpio.o
        56          4          0          0          0        786   stm32f4xx_hal_msp.o
      1264         80          0          0          0       4796   stm32f4xx_hal_rcc.o
       790          0          0          0          0       3669   stm32f4xx_hal_spi.o
       944         90          0          0          0       7330   stm32f4xx_hal_tim.o
      1502         22          0          0          0       8642   stm32f4xx_hal_uart.o
       134         40          0          0          0       6284   stm32f4xx_it.o
      2222        422          0         36       1104      10772   stmgood.o
        84         18         24          4          0       1083   system_stm32f4xx.o
      1432        116          0         60        240      14431   tasks.o
       216         34          0          0         64       2033   tim.o
       432         42          0          0        320       2331   usart.o

    ----------------------------------------------------------------------
     28948       2898       1440        392      19128    1022453   Object Totals
         0          0         32          0          0          0   (incl. Generated)
        42          0          2          3          0          0   (incl. Padding)

    ----------------------------------------------------------------------

      Code (inc. data)   RO Data    RW Data    ZI Data      Debug   Library Member Name

       864         94         80          0          0        280   asin.o
       744        106        152          0          0        352   atan.o
       496         64          0          0          0        192   atan2.o
       200         20          0          0          0        164   cos.o
       368         46         48          0          0        200   cos_i.o
       104         16          0          0          0        496   dunder.o
        44          0          0          0          0        248   fabs.o
        48          0          0          0          0        124   fpclassify.o
       248          0          0          0          0        152   poly.o
         0          0          8          0          0          0   qnan.o
      1080        142        200          0          0        188   rred.o
       200         20          0          0          0        164   sin.o
       304         24         40          0          0        208   sin_i.o
       232          0          0          0          0        296   sqrt.o
        58          0          0          0          0          0   __dczerorl.o
         0          0          0          0          0          0   entry.o
         0          0          0          0          0          0   entry10a.o
         0          0          0          0          0          0   entry11a.o
         8          4          0          0          0          0   entry2.o
         4          0          0          0          0          0   entry5.o
         0          0          0          0          0          0   entry7b.o
         0          0          0          0          0          0   entry8b.o
         8          4          0          0          0          0   entry9a.o
        12          6          0          4          0         68   errno.o
        30          0          0          0          0          0   handlers.o
        36          8          0          0          0         68   init.o
         0          0          0          0          0          0   iusefp.o
        30          0          0          0          0         68   llshl.o
        36          0          0          0          0         68   llsshr.o
        32          0          0          0          0         68   llushr.o
        36          0          0          0          0         68   memcpya.o
        36          0          0          0          0        108   memseta.o
      2226         90          0          0          0        444   printfa.o
         8          0          0          0          0         68   siabs.o
         0          0          0          4          0          0   stdout.o
        44          0          0          0          0         80   uidiv.o
        98          0          0          0          0         92   uldiv.o
        48          0          0          0          0         68   cdrcmple.o
        56          0          0          0          0         88   d2f.o
       334          0          0          0          0        148   dadd.o
       222          0          0          0          0        100   ddiv.o
       186          0          0          0          0        176   depilogue.o
        62          0          0          0          0         80   dfixi.o
        48          0          0          0          0         68   dfixul.o
        34          0          0          0          0         76   dflti.o
        26          0          0          0          0         76   dfltui.o
       228          0          0          0          0         96   dmul.o
       162          0          0          0          0        100   dsqrt.o
        38          0          0          0          0         68   f2d.o
       110          0          0          0          0        168   fepilogue.o

    ----------------------------------------------------------------------
      9204        644        528          8          0       5576   Library Totals
        16          0          0          0          0          0   (incl. Padding)

    ----------------------------------------------------------------------

      Code (inc. data)   RO Data    RW Data    ZI Data      Debug   Library Name

      4932        532        528          0          0       3064   m_wm.l
      2702        112          0          8          0       1200   mc_w.l
      1554          0          0          0          0       1312   mf_w.l

    ----------------------------------------------------------------------
      9204        644        528          8          0       5576   Library Totals

    ----------------------------------------------------------------------

==============================================================================


      Code (inc. data)   RO Data    RW Data    ZI Data      Debug   

     38152       3542       1968        400      19128    1004165   Grand Totals
     38152       3542       1968         36      19128    1004165   ELF Image Totals (compressed)
     38152       3542       1968         36          0          0   ROM Totals

==============================================================================

    Total RO  Size (Code + RO Data)                40120 (  39.18kB)
    Total RW  Size (RW Data + ZI Data)             19528 (  19.07kB)
    Total ROM Size (Code + RO Data + RW Data)      40156 (  39.21kB)

==============================================================================

